{"timestamp":"2026-08-08T11:12:22.940175Z","level":"info","event":"Filling up the DagBag from /opt/airflow/dags/13_asset_dependency.py","logger":"airflow.dag_processing.dagbag.BundleDagBag","filename":"dagbag.py","lineno":460}
{"timestamp":"2026-08-08T11:12:25.567367Z","level":"info","event":"Filling up the DagBag from /opt/airflow/dags/13_asset_dependency.py","logger":"airflow.dag_processing.dagbag.BundleDagBag","filename":"dagbag.py","lineno":460}
{"timestamp":"2026-08-08T11:12:31.604561Z","level":"info","event":"Filling up the DagBag from /opt/airflow/dags/13_asset_dependency.py","logger":"airflow.dag_processing.dagbag.BundleDagBag","filename":"dagbag.py","lineno":460}
{"timestamp":"2026-08-08T11:12:47.461104Z","level":"info","event":"Filling up the DagBag from /opt/airflow/dags/13_asset_dependency.py","logger":"airflow.dag_processing.dagbag.BundleDagBag","filename":"dagbag.py","lineno":460}
{"timestamp":"2026-08-08T11:12:55.247903Z","level":"info","event":"Filling up the DagBag from /opt/airflow/dags/13_asset_dependency.py","logger":"airflow.dag_processing.dagbag.BundleDagBag","filename":"dagbag.py","lineno":460}
{"timestamp":"2026-08-08T11:12:58.567732Z","level":"info","event":"Filling up the DagBag from /opt/airflow/dags/13_asset_dependency.py","logger":"airflow.dag_processing.dagbag.BundleDagBag","filename":"dagbag.py","lineno":460}
{"timestamp":"2026-08-08T11:13:28.878156Z","level":"info","event":"Filling up the DagBag from /opt/airflow/dags/13_asset_dependency.py","logger":"airflow.dag_processing.dagbag.BundleDagBag","filename":"dagbag.py","lineno":460}
{"timestamp":"2026-08-08T11:13:59.542636Z","level":"info","event":"Filling up the DagBag from /opt/airflow/dags/13_asset_dependency.py","logger":"airflow.dag_processing.dagbag.BundleDagBag","filename":"dagbag.py","lineno":460}
{"timestamp":"2026-08-08T11:14:08.772349Z","level":"info","event":"Filling up the DagBag from /opt/airflow/dags/13_asset_dependency.py","logger":"airflow.dag_processing.dagbag.BundleDagBag","filename":"dagbag.py","lineno":460}
{"timestamp":"2026-08-08T11:14:39.880927Z","level":"info","event":"Filling up the DagBag from /opt/airflow/dags/13_asset_dependency.py","logger":"airflow.dag_processing.dagbag.BundleDagBag","filename":"dagbag.py","lineno":460}
{"timestamp":"2026-08-08T11:15:10.689728Z","level":"info","event":"Filling up the DagBag from /opt/airflow/dags/13_asset_dependency.py","logger":"airflow.dag_processing.dagbag.BundleDagBag","filename":"dagbag.py","lineno":460}
{"timestamp":"2026-08-08T11:15:41.030967Z","level":"info","event":"Filling up the DagBag from /opt/airflow/dags/13_asset_dependency.py","logger":"airflow.dag_processing.dagbag.BundleDagBag","filename":"dagbag.py","lineno":460}
{"timestamp":"2026-08-08T11:15:56.996199Z","level":"info","event":"Filling up the DagBag from /opt/airflow/dags/13_asset_dependency.py","logger":"airflow.dag_processing.dagbag.BundleDagBag","filename":"dagbag.py","lineno":460}
{"timestamp":"2026-08-08T11:16:27.247861Z","level":"info","event":"Filling up the DagBag from /opt/airflow/dags/13_asset_dependency.py","logger":"airflow.dag_processing.dagbag.BundleDagBag","filename":"dagbag.py","lineno":460}
{"timestamp":"2026-08-08T11:16:57.524721Z","level":"info","event":"Filling up the DagBag from /opt/airflow/dags/13_asset_dependency.py","logger":"airflow.dag_processing.dagbag.BundleDagBag","filename":"dagbag.py","lineno":460}
{"timestamp":"2026-08-08T11:17:27.863739Z","level":"info","event":"Filling up the DagBag from /opt/airflow/dags/13_asset_dependency.py","logger":"airflow.dag_processing.dagbag.BundleDagBag","filename":"dagbag.py","lineno":460}
{"timestamp":"2026-08-08T11:17:58.926870Z","level":"info","event":"Filling up the DagBag from /opt/airflow/dags/13_asset_dependency.py","logger":"airflow.dag_processing.dagbag.BundleDagBag","filename":"dagbag.py","lineno":460}
{"timestamp":"2026-08-08T11:18:29.630173Z","level":"info","event":"Filling up the DagBag from /opt/airflow/dags/13_asset_dependency.py","logger":"airflow.dag_processing.dagbag.BundleDagBag","filename":"dagbag.py","lineno":460}
{"timestamp":"2026-08-08T11:19:00.599539Z","level":"info","event":"Filling up the DagBag from /opt/airflow/dags/13_asset_dependency.py","logger":"airflow.dag_processing.dagbag.BundleDagBag","filename":"dagbag.py","lineno":460}
{"timestamp":"2026-08-08T11:19:31.277511Z","level":"info","event":"Filling up the DagBag from /opt/airflow/dags/13_asset_dependency.py","logger":"airflow.dag_processing.dagbag.BundleDagBag","filename":"dagbag.py","lineno":460}
{"timestamp":"2026-08-08T11:20:02.187757Z","level":"info","event":"Filling up the DagBag from /opt/airflow/dags/13_asset_dependency.py","logger":"airflow.dag_processing.dagbag.BundleDagBag","filename":"dagbag.py","lineno":460}
{"timestamp":"2026-08-08T11:20:32.765394Z","level":"info","event":"Filling up the DagBag from /opt/airflow/dags/13_asset_dependency.py","logger":"airflow.dag_processing.dagbag.BundleDagBag","filename":"dagbag.py","lineno":460}
{"timestamp":"2026-08-08T11:21:03.441336Z","level":"info","event":"Filling up the DagBag from /opt/airflow/dags/13_asset_dependency.py","logger":"airflow.dag_processing.dagbag.BundleDagBag","filename":"dagbag.py","lineno":460}
{"timestamp":"2026-08-08T11:21:08.874502Z","level":"info","event":"Filling up the DagBag from /opt/airflow/dags/13_asset_dependency.py","logger":"airflow.dag_processing.dagbag.BundleDagBag","filename":"dagbag.py","lineno":460}
{"timestamp":"2026-08-08T11:21:11.477366Z","level":"info","event":"Filling up the DagBag from /opt/airflow/dags/13_asset_dependency.py","logger":"airflow.dag_processing.dagbag.BundleDagBag","filename":"dagbag.py","lineno":460}
{"timestamp":"2026-08-08T11:21:11.966849Z","level":"info","event":"Filling up the DagBag from /opt/airflow/dags/13_asset_dependency.py","logger":"airflow.dag_processing.dagbag.BundleDagBag","filename":"dagbag.py","lineno":460}
{"timestamp":"2026-08-08T11:21:43.102471Z","level":"info","event":"Filling up the DagBag from /opt/airflow/dags/13_asset_dependency.py","logger":"airflow.dag_processing.dagbag.BundleDagBag","filename":"dagbag.py","lineno":460}
{"timestamp":"2026-08-08T11:22:13.929318Z","level":"info","event":"Filling up the DagBag from /opt/airflow/dags/13_asset_dependency.py","logger":"airflow.dag_processing.dagbag.BundleDagBag","filename":"dagbag.py","lineno":460}
{"timestamp":"2026-08-08T11:22:44.357734Z","level":"info","event":"Filling up the DagBag from /opt/airflow/dags/13_asset_dependency.py","logger":"airflow.dag_processing.dagbag.BundleDagBag","filename":"dagbag.py","lineno":460}
{"timestamp":"2026-08-08T11:23:15.214186Z","level":"info","event":"Filling up the DagBag from /opt/airflow/dags/13_asset_dependency.py","logger":"airflow.dag_processing.dagbag.BundleDagBag","filename":"dagbag.py","lineno":460}
{"timestamp":"2026-08-08T11:23:37.925503Z","level":"info","event":"Filling up the DagBag from /opt/airflow/dags/13_asset_dependency.py","logger":"airflow.dag_processing.dagbag.BundleDagBag","filename":"dagbag.py","lineno":460}
{"timestamp":"2026-08-08T11:23:42.677093Z","level":"info","event":"Filling up the DagBag from /opt/airflow/dags/13_asset_dependency.py","logger":"airflow.dag_processing.dagbag.BundleDagBag","filename":"dagbag.py","lineno":460}
{"timestamp":"2026-08-08T11:23:45.213560Z","level":"info","event":"Filling up the DagBag from /opt/airflow/dags/13_asset_dependency.py","logger":"airflow.dag_processing.dagbag.BundleDagBag","filename":"dagbag.py","lineno":460}
{"timestamp":"2026-08-08T11:23:45.237879Z","level":"error","event":"Failed to import: /opt/airflow/dags/13_asset_dependency.py","logger":"airflow.dag_processing.importers.python_importer","filename":"python_importer.py","lineno":244,"error_detail":[{"exc_type":"SyntaxError","exc_value":"invalid syntax. Perhaps you forgot a comma? (13_asset_dependency.py, line 8)","exc_notes":[],"syntax_error":{"offset":16,"filename":"/opt/airflow/dags/13_asset_dependency.py","line":"    schedule = fetch_data\n","lineno":8,"msg":"invalid syntax. Perhaps you forgot a comma?"},"is_cause":false,"frames":[{"filename":"/home/airflow/.local/lib/python3.13/site-packages/airflow/dag_processing/importers/python_importer.py","lineno":238,"name":"parse"},{"filename":"<frozen importlib._bootstrap_external>","lineno":1019,"name":"exec_module"},{"filename":"<frozen importlib._bootstrap_external>","lineno":1157,"name":"get_code"},{"filename":"<frozen importlib._bootstrap_external>","lineno":1087,"name":"source_to_code"},{"filename":"<frozen importlib._bootstrap>","lineno":488,"name":"_call_with_frames_removed"}],"is_group":false,"exceptions":[]}]}
{"timestamp":"2026-08-08T11:23:45.241456Z","level":"error","event":"Error loading DAG from 13_asset_dependency.py: invalid syntax. Perhaps you forgot a comma? (13_asset_dependency.py, line 8)","logger":"airflow.dag_processing.dagbag.BundleDagBag","filename":"dagbag.py","lineno":319}
{"timestamp":"2026-08-08T11:23:45.384346Z","level":"info","event":"Filling up the DagBag from /opt/airflow/dags/13_asset_dependency.py","logger":"airflow.dag_processing.dagbag.BundleDagBag","filename":"dagbag.py","lineno":460}
{"timestamp":"2026-08-08T11:23:45.417202Z","level":"error","event":"Failed to import: /opt/airflow/dags/13_asset_dependency.py","logger":"airflow.dag_processing.importers.python_importer","filename":"python_importer.py","lineno":244,"error_detail":[{"exc_type":"SyntaxError","exc_value":"invalid syntax. Perhaps you forgot a comma? (13_asset_dependency.py, line 8)","exc_notes":[],"syntax_error":{"offset":16,"filename":"/opt/airflow/dags/13_asset_dependency.py","line":"    schedule = fetch_data\n","lineno":8,"msg":"invalid syntax. Perhaps you forgot a comma?"},"is_cause":false,"frames":[{"filename":"/home/airflow/.local/lib/python3.13/site-packages/airflow/dag_processing/importers/python_importer.py","lineno":238,"name":"parse"},{"filename":"<frozen importlib._bootstrap_external>","lineno":1019,"name":"exec_module"},{"filename":"<frozen importlib._bootstrap_external>","lineno":1157,"name":"get_code"},{"filename":"<frozen importlib._bootstrap_external>","lineno":1087,"name":"source_to_code"},{"filename":"<frozen importlib._bootstrap>","lineno":488,"name":"_call_with_frames_removed"}],"is_group":false,"exceptions":[]}]}
{"timestamp":"2026-08-08T11:23:45.420734Z","level":"error","event":"Error loading DAG from 13_asset_dependency.py: invalid syntax. Perhaps you forgot a comma? (13_asset_dependency.py, line 8)","logger":"airflow.dag_processing.dagbag.BundleDagBag","filename":"dagbag.py","lineno":319}
{"timestamp":"2026-08-08T11:24:16.229051Z","level":"info","event":"Filling up the DagBag from /opt/airflow/dags/13_asset_dependency.py","logger":"airflow.dag_processing.dagbag.BundleDagBag","filename":"dagbag.py","lineno":460}
{"timestamp":"2026-08-08T11:24:16.260692Z","level":"error","event":"Failed to import: /opt/airflow/dags/13_asset_dependency.py","logger":"airflow.dag_processing.importers.python_importer","filename":"python_importer.py","lineno":244,"error_detail":[{"exc_type":"SyntaxError","exc_value":"invalid syntax. Perhaps you forgot a comma? (13_asset_dependency.py, line 8)","exc_notes":[],"syntax_error":{"offset":16,"filename":"/opt/airflow/dags/13_asset_dependency.py","line":"    schedule = fetch_data\n","lineno":8,"msg":"invalid syntax. Perhaps you forgot a comma?"},"is_cause":false,"frames":[{"filename":"/home/airflow/.local/lib/python3.13/site-packages/airflow/dag_processing/importers/python_importer.py","lineno":238,"name":"parse"},{"filename":"<frozen importlib._bootstrap_external>","lineno":1019,"name":"exec_module"},{"filename":"<frozen importlib._bootstrap_external>","lineno":1157,"name":"get_code"},{"filename":"<frozen importlib._bootstrap_external>","lineno":1087,"name":"source_to_code"},{"filename":"<frozen importlib._bootstrap>","lineno":488,"name":"_call_with_frames_removed"}],"is_group":false,"exceptions":[]}]}
{"timestamp":"2026-08-08T11:24:16.262893Z","level":"error","event":"Error loading DAG from 13_asset_dependency.py: invalid syntax. Perhaps you forgot a comma? (13_asset_dependency.py, line 8)","logger":"airflow.dag_processing.dagbag.BundleDagBag","filename":"dagbag.py","lineno":319}
{"timestamp":"2026-08-08T11:24:26.641436Z","level":"info","event":"Filling up the DagBag from /opt/airflow/dags/13_asset_dependency.py","logger":"airflow.dag_processing.dagbag.BundleDagBag","filename":"dagbag.py","lineno":460}
{"timestamp":"2026-08-08T11:24:26.674146Z","level":"error","event":"Failed to import: /opt/airflow/dags/13_asset_dependency.py","logger":"airflow.dag_processing.importers.python_importer","filename":"python_importer.py","lineno":244,"error_detail":[{"exc_type":"SyntaxError","exc_value":"invalid syntax. Perhaps you forgot a comma? (13_asset_dependency.py, line 8)","exc_notes":[],"syntax_error":{"offset":16,"filename":"/opt/airflow/dags/13_asset_dependency.py","line":"    schedule = fetch_data\n","lineno":8,"msg":"invalid syntax. Perhaps you forgot a comma?"},"is_cause":false,"frames":[{"filename":"/home/airflow/.local/lib/python3.13/site-packages/airflow/dag_processing/importers/python_importer.py","lineno":238,"name":"parse"},{"filename":"<frozen importlib._bootstrap_external>","lineno":1019,"name":"exec_module"},{"filename":"<frozen importlib._bootstrap_external>","lineno":1157,"name":"get_code"},{"filename":"<frozen importlib._bootstrap_external>","lineno":1087,"name":"source_to_code"},{"filename":"<frozen importlib._bootstrap>","lineno":488,"name":"_call_with_frames_removed"}],"is_group":false,"exceptions":[]}]}
{"timestamp":"2026-08-08T11:24:26.676624Z","level":"error","event":"Error loading DAG from 13_asset_dependency.py: invalid syntax. Perhaps you forgot a comma? (13_asset_dependency.py, line 8)","logger":"airflow.dag_processing.dagbag.BundleDagBag","filename":"dagbag.py","lineno":319}
{"timestamp":"2026-08-08T11:24:35.126252Z","level":"info","event":"Filling up the DagBag from /opt/airflow/dags/13_asset_dependency.py","logger":"airflow.dag_processing.dagbag.BundleDagBag","filename":"dagbag.py","lineno":460}
{"timestamp":"2026-08-08T11:24:35.177728Z","level":"error","event":"Failed to import: /opt/airflow/dags/13_asset_dependency.py","logger":"airflow.dag_processing.importers.python_importer","filename":"python_importer.py","lineno":244,"error_detail":[{"exc_type":"SyntaxError","exc_value":"invalid syntax (13_asset_dependency.py, line 10)","exc_notes":[],"syntax_error":{"offset":9,"filename":"/opt/airflow/dags/13_asset_dependency.py","line":"    uri = \"/opt/airflow/logs/data/data_processed.csv\",\n","lineno":10,"msg":"invalid syntax"},"is_cause":false,"frames":[{"filename":"/home/airflow/.local/lib/python3.13/site-packages/airflow/dag_processing/importers/python_importer.py","lineno":238,"name":"parse"},{"filename":"<frozen importlib._bootstrap_external>","lineno":1019,"name":"exec_module"},{"filename":"<frozen importlib._bootstrap_external>","lineno":1157,"name":"get_code"},{"filename":"<frozen importlib._bootstrap_external>","lineno":1087,"name":"source_to_code"},{"filename":"<frozen importlib._bootstrap>","lineno":488,"name":"_call_with_frames_removed"}],"is_group":false,"exceptions":[]}]}
{"timestamp":"2026-08-08T11:24:35.181161Z","level":"error","event":"Error loading DAG from 13_asset_dependency.py: invalid syntax (13_asset_dependency.py, line 10)","logger":"airflow.dag_processing.dagbag.BundleDagBag","filename":"dagbag.py","lineno":319}
{"timestamp":"2026-08-08T11:24:36.414618Z","level":"info","event":"Filling up the DagBag from /opt/airflow/dags/13_asset_dependency.py","logger":"airflow.dag_processing.dagbag.BundleDagBag","filename":"dagbag.py","lineno":460}
{"timestamp":"2026-08-08T11:24:36.457825Z","level":"error","event":"Failed to import: /opt/airflow/dags/13_asset_dependency.py","logger":"airflow.dag_processing.importers.python_importer","filename":"python_importer.py","lineno":244,"error_detail":[{"exc_type":"SyntaxError","exc_value":"invalid syntax. Perhaps you forgot a comma? (13_asset_dependency.py, line 8)","exc_notes":[],"syntax_error":{"offset":16,"filename":"/opt/airflow/dags/13_asset_dependency.py","line":"    schedule = fetch_data.s\n","lineno":8,"msg":"invalid syntax. Perhaps you forgot a comma?"},"is_cause":false,"frames":[{"filename":"/home/airflow/.local/lib/python3.13/site-packages/airflow/dag_processing/importers/python_importer.py","lineno":238,"name":"parse"},{"filename":"<frozen importlib._bootstrap_external>","lineno":1019,"name":"exec_module"},{"filename":"<frozen importlib._bootstrap_external>","lineno":1157,"name":"get_code"},{"filename":"<frozen importlib._bootstrap_external>","lineno":1087,"name":"source_to_code"},{"filename":"<frozen importlib._bootstrap>","lineno":488,"name":"_call_with_frames_removed"}],"is_group":false,"exceptions":[]}]}
{"timestamp":"2026-08-08T11:24:36.462136Z","level":"error","event":"Error loading DAG from 13_asset_dependency.py: invalid syntax. Perhaps you forgot a comma? (13_asset_dependency.py, line 8)","logger":"airflow.dag_processing.dagbag.BundleDagBag","filename":"dagbag.py","lineno":319}
{"timestamp":"2026-08-08T11:24:37.600582Z","level":"info","event":"Filling up the DagBag from /opt/airflow/dags/13_asset_dependency.py","logger":"airflow.dag_processing.dagbag.BundleDagBag","filename":"dagbag.py","lineno":460}
{"timestamp":"2026-08-08T11:24:37.626039Z","level":"error","event":"Failed to import: /opt/airflow/dags/13_asset_dependency.py","logger":"airflow.dag_processing.importers.python_importer","filename":"python_importer.py","lineno":244,"error_detail":[{"exc_type":"SyntaxError","exc_value":"invalid syntax. Perhaps you forgot a comma? (13_asset_dependency.py, line 8)","exc_notes":[],"syntax_error":{"offset":16,"filename":"/opt/airflow/dags/13_asset_dependency.py","line":"    schedule = fetch_data\n","lineno":8,"msg":"invalid syntax. Perhaps you forgot a comma?"},"is_cause":false,"frames":[{"filename":"/home/airflow/.local/lib/python3.13/site-packages/airflow/dag_processing/importers/python_importer.py","lineno":238,"name":"parse"},{"filename":"<frozen importlib._bootstrap_external>","lineno":1019,"name":"exec_module"},{"filename":"<frozen importlib._bootstrap_external>","lineno":1157,"name":"get_code"},{"filename":"<frozen importlib._bootstrap_external>","lineno":1087,"name":"source_to_code"},{"filename":"<frozen importlib._bootstrap>","lineno":488,"name":"_call_with_frames_removed"}],"is_group":false,"exceptions":[]}]}
{"timestamp":"2026-08-08T11:24:37.627746Z","level":"error","event":"Error loading DAG from 13_asset_dependency.py: invalid syntax. Perhaps you forgot a comma? (13_asset_dependency.py, line 8)","logger":"airflow.dag_processing.dagbag.BundleDagBag","filename":"dagbag.py","lineno":319}
{"timestamp":"2026-08-08T11:24:40.829556Z","level":"info","event":"Filling up the DagBag from /opt/airflow/dags/13_asset_dependency.py","logger":"airflow.dag_processing.dagbag.BundleDagBag","filename":"dagbag.py","lineno":460}
{"timestamp":"2026-08-08T11:24:40.854550Z","level":"error","event":"Failed to import: /opt/airflow/dags/13_asset_dependency.py","logger":"airflow.dag_processing.importers.python_importer","filename":"python_importer.py","lineno":244,"error_detail":[{"exc_type":"SyntaxError","exc_value":"invalid syntax. Perhaps you forgot a comma? (13_asset_dependency.py, line 8)","exc_notes":[],"syntax_error":{"offset":16,"filename":"/opt/airflow/dags/13_asset_dependency.py","line":"    schedule = fetch_data.sh\n","lineno":8,"msg":"invalid syntax. Perhaps you forgot a comma?"},"is_cause":false,"frames":[{"filename":"/home/airflow/.local/lib/python3.13/site-packages/airflow/dag_processing/importers/python_importer.py","lineno":238,"name":"parse"},{"filename":"<frozen importlib._bootstrap_external>","lineno":1019,"name":"exec_module"},{"filename":"<frozen importlib._bootstrap_external>","lineno":1157,"name":"get_code"},{"filename":"<frozen importlib._bootstrap_external>","lineno":1087,"name":"source_to_code"},{"filename":"<frozen importlib._bootstrap>","lineno":488,"name":"_call_with_frames_removed"}],"is_group":false,"exceptions":[]}]}
{"timestamp":"2026-08-08T11:24:40.856230Z","level":"error","event":"Error loading DAG from 13_asset_dependency.py: invalid syntax. Perhaps you forgot a comma? (13_asset_dependency.py, line 8)","logger":"airflow.dag_processing.dagbag.BundleDagBag","filename":"dagbag.py","lineno":319}
{"timestamp":"2026-08-08T11:24:43.065824Z","level":"info","event":"Filling up the DagBag from /opt/airflow/dags/13_asset_dependency.py","logger":"airflow.dag_processing.dagbag.BundleDagBag","filename":"dagbag.py","lineno":460}
{"timestamp":"2026-08-08T11:24:43.094349Z","level":"error","event":"Failed to import: /opt/airflow/dags/13_asset_dependency.py","logger":"airflow.dag_processing.importers.python_importer","filename":"python_importer.py","lineno":244,"error_detail":[{"exc_type":"SyntaxError","exc_value":"invalid syntax. Perhaps you forgot a comma? (13_asset_dependency.py, line 8)","exc_notes":[],"syntax_error":{"offset":16,"filename":"/opt/airflow/dags/13_asset_dependency.py","line":"    schedule = fetch_data\n","lineno":8,"msg":"invalid syntax. Perhaps you forgot a comma?"},"is_cause":false,"frames":[{"filename":"/home/airflow/.local/lib/python3.13/site-packages/airflow/dag_processing/importers/python_importer.py","lineno":238,"name":"parse"},{"filename":"<frozen importlib._bootstrap_external>","lineno":1019,"name":"exec_module"},{"filename":"<frozen importlib._bootstrap_external>","lineno":1157,"name":"get_code"},{"filename":"<frozen importlib._bootstrap_external>","lineno":1087,"name":"source_to_code"},{"filename":"<frozen importlib._bootstrap>","lineno":488,"name":"_call_with_frames_removed"}],"is_group":false,"exceptions":[]}]}
{"timestamp":"2026-08-08T11:24:43.095815Z","level":"error","event":"Error loading DAG from 13_asset_dependency.py: invalid syntax. Perhaps you forgot a comma? (13_asset_dependency.py, line 8)","logger":"airflow.dag_processing.dagbag.BundleDagBag","filename":"dagbag.py","lineno":319}
{"timestamp":"2026-08-08T11:25:06.301283Z","level":"info","event":"Filling up the DagBag from /opt/airflow/dags/13_asset_dependency.py","logger":"airflow.dag_processing.dagbag.BundleDagBag","filename":"dagbag.py","lineno":460}
{"timestamp":"2026-08-08T11:25:36.806915Z","level":"info","event":"Filling up the DagBag from /opt/airflow/dags/13_asset_dependency.py","logger":"airflow.dag_processing.dagbag.BundleDagBag","filename":"dagbag.py","lineno":460}
{"timestamp":"2026-08-08T11:26:07.106657Z","level":"info","event":"Filling up the DagBag from /opt/airflow/dags/13_asset_dependency.py","logger":"airflow.dag_processing.dagbag.BundleDagBag","filename":"dagbag.py","lineno":460}
{"timestamp":"2026-08-08T11:26:37.714788Z","level":"info","event":"Filling up the DagBag from /opt/airflow/dags/13_asset_dependency.py","logger":"airflow.dag_processing.dagbag.BundleDagBag","filename":"dagbag.py","lineno":460}
{"timestamp":"2026-08-08T11:27:08.386089Z","level":"info","event":"Filling up the DagBag from /opt/airflow/dags/13_asset_dependency.py","logger":"airflow.dag_processing.dagbag.BundleDagBag","filename":"dagbag.py","lineno":460}
{"timestamp":"2026-08-08T11:27:38.758642Z","level":"info","event":"Filling up the DagBag from /opt/airflow/dags/13_asset_dependency.py","logger":"airflow.dag_processing.dagbag.BundleDagBag","filename":"dagbag.py","lineno":460}
{"timestamp":"2026-08-08T11:28:09.133574Z","level":"info","event":"Filling up the DagBag from /opt/airflow/dags/13_asset_dependency.py","logger":"airflow.dag_processing.dagbag.BundleDagBag","filename":"dagbag.py","lineno":460}
{"timestamp":"2026-08-08T11:28:39.519938Z","level":"info","event":"Filling up the DagBag from /opt/airflow/dags/13_asset_dependency.py","logger":"airflow.dag_processing.dagbag.BundleDagBag","filename":"dagbag.py","lineno":460}
{"timestamp":"2026-08-08T11:29:10.162959Z","level":"info","event":"Filling up the DagBag from /opt/airflow/dags/13_asset_dependency.py","logger":"airflow.dag_processing.dagbag.BundleDagBag","filename":"dagbag.py","lineno":460}
{"timestamp":"2026-08-08T11:29:40.400619Z","level":"info","event":"Filling up the DagBag from /opt/airflow/dags/13_asset_dependency.py","logger":"airflow.dag_processing.dagbag.BundleDagBag","filename":"dagbag.py","lineno":460}
{"timestamp":"2026-08-08T11:30:11.292411Z","level":"info","event":"Filling up the DagBag from /opt/airflow/dags/13_asset_dependency.py","logger":"airflow.dag_processing.dagbag.BundleDagBag","filename":"dagbag.py","lineno":460}
{"timestamp":"2026-08-08T11:30:41.738138Z","level":"info","event":"Filling up the DagBag from /opt/airflow/dags/13_asset_dependency.py","logger":"airflow.dag_processing.dagbag.BundleDagBag","filename":"dagbag.py","lineno":460}
{"timestamp":"2026-08-08T11:31:12.395231Z","level":"info","event":"Filling up the DagBag from /opt/airflow/dags/13_asset_dependency.py","logger":"airflow.dag_processing.dagbag.BundleDagBag","filename":"dagbag.py","lineno":460}
{"timestamp":"2026-08-08T11:31:42.984730Z","level":"info","event":"Filling up the DagBag from /opt/airflow/dags/13_asset_dependency.py","logger":"airflow.dag_processing.dagbag.BundleDagBag","filename":"dagbag.py","lineno":460}
{"timestamp":"2026-08-08T11:32:13.461156Z","level":"info","event":"Filling up the DagBag from /opt/airflow/dags/13_asset_dependency.py","logger":"airflow.dag_processing.dagbag.BundleDagBag","filename":"dagbag.py","lineno":460}
{"timestamp":"2026-08-08T11:32:44.854684Z","level":"info","event":"Filling up the DagBag from /opt/airflow/dags/13_asset_dependency.py","logger":"airflow.dag_processing.dagbag.BundleDagBag","filename":"dagbag.py","lineno":460}
{"timestamp":"2026-08-08T11:33:16.075110Z","level":"info","event":"Filling up the DagBag from /opt/airflow/dags/13_asset_dependency.py","logger":"airflow.dag_processing.dagbag.BundleDagBag","filename":"dagbag.py","lineno":460}
{"timestamp":"2026-08-08T11:33:46.722077Z","level":"info","event":"Filling up the DagBag from /opt/airflow/dags/13_asset_dependency.py","logger":"airflow.dag_processing.dagbag.BundleDagBag","filename":"dagbag.py","lineno":460}
{"timestamp":"2026-08-08T11:34:16.967703Z","level":"info","event":"Filling up the DagBag from /opt/airflow/dags/13_asset_dependency.py","logger":"airflow.dag_processing.dagbag.BundleDagBag","filename":"dagbag.py","lineno":460}
{"timestamp":"2026-08-08T11:34:47.598806Z","level":"info","event":"Filling up the DagBag from /opt/airflow/dags/13_asset_dependency.py","logger":"airflow.dag_processing.dagbag.BundleDagBag","filename":"dagbag.py","lineno":460}
{"timestamp":"2026-08-08T11:35:18.628298Z","level":"info","event":"Filling up the DagBag from /opt/airflow/dags/13_asset_dependency.py","logger":"airflow.dag_processing.dagbag.BundleDagBag","filename":"dagbag.py","lineno":460}
{"timestamp":"2026-08-08T11:35:48.998888Z","level":"info","event":"Filling up the DagBag from /opt/airflow/dags/13_asset_dependency.py","logger":"airflow.dag_processing.dagbag.BundleDagBag","filename":"dagbag.py","lineno":460}
{"timestamp":"2026-08-08T11:36:19.718344Z","level":"info","event":"Filling up the DagBag from /opt/airflow/dags/13_asset_dependency.py","logger":"airflow.dag_processing.dagbag.BundleDagBag","filename":"dagbag.py","lineno":460}
{"timestamp":"2026-08-08T11:36:50.528254Z","level":"info","event":"Filling up the DagBag from /opt/airflow/dags/13_asset_dependency.py","logger":"airflow.dag_processing.dagbag.BundleDagBag","filename":"dagbag.py","lineno":460}
{"timestamp":"2026-08-08T11:37:21.137981Z","level":"info","event":"Filling up the DagBag from /opt/airflow/dags/13_asset_dependency.py","logger":"airflow.dag_processing.dagbag.BundleDagBag","filename":"dagbag.py","lineno":460}
{"timestamp":"2026-08-08T11:37:51.778402Z","level":"info","event":"Filling up the DagBag from /opt/airflow/dags/13_asset_dependency.py","logger":"airflow.dag_processing.dagbag.BundleDagBag","filename":"dagbag.py","lineno":460}
{"timestamp":"2026-08-08T11:38:22.665946Z","level":"info","event":"Filling up the DagBag from /opt/airflow/dags/13_asset_dependency.py","logger":"airflow.dag_processing.dagbag.BundleDagBag","filename":"dagbag.py","lineno":460}
{"timestamp":"2026-08-08T11:38:53.358880Z","level":"info","event":"Filling up the DagBag from /opt/airflow/dags/13_asset_dependency.py","logger":"airflow.dag_processing.dagbag.BundleDagBag","filename":"dagbag.py","lineno":460}
{"timestamp":"2026-08-08T11:39:24.054606Z","level":"info","event":"Filling up the DagBag from /opt/airflow/dags/13_asset_dependency.py","logger":"airflow.dag_processing.dagbag.BundleDagBag","filename":"dagbag.py","lineno":460}
{"timestamp":"2026-08-08T11:39:54.721495Z","level":"info","event":"Filling up the DagBag from /opt/airflow/dags/13_asset_dependency.py","logger":"airflow.dag_processing.dagbag.BundleDagBag","filename":"dagbag.py","lineno":460}
{"timestamp":"2026-08-08T11:40:25.585755Z","level":"info","event":"Filling up the DagBag from /opt/airflow/dags/13_asset_dependency.py","logger":"airflow.dag_processing.dagbag.BundleDagBag","filename":"dagbag.py","lineno":460}
{"timestamp":"2026-08-08T11:40:28.911845Z","level":"info","event":"Filling up the DagBag from /opt/airflow/dags/13_asset_dependency.py","logger":"airflow.dag_processing.dagbag.BundleDagBag","filename":"dagbag.py","lineno":460}
{"timestamp":"2026-08-08T11:40:29.872797Z","level":"info","event":"Filling up the DagBag from /opt/airflow/dags/13_asset_dependency.py","logger":"airflow.dag_processing.dagbag.BundleDagBag","filename":"dagbag.py","lineno":460}
{"timestamp":"2026-08-08T11:41:00.985498Z","level":"info","event":"Filling up the DagBag from /opt/airflow/dags/13_asset_dependency.py","logger":"airflow.dag_processing.dagbag.BundleDagBag","filename":"dagbag.py","lineno":460}
{"timestamp":"2026-08-08T11:41:31.736778Z","level":"info","event":"Filling up the DagBag from /opt/airflow/dags/13_asset_dependency.py","logger":"airflow.dag_processing.dagbag.BundleDagBag","filename":"dagbag.py","lineno":460}
{"timestamp":"2026-08-08T11:41:57.181066Z","level":"info","event":"Filling up the DagBag from /opt/airflow/dags/13_asset_dependency.py","logger":"airflow.dag_processing.dagbag.BundleDagBag","filename":"dagbag.py","lineno":460}
{"timestamp":"2026-08-08T11:41:57.201919Z","level":"error","event":"Failed to import: /opt/airflow/dags/13_asset_dependency.py","logger":"airflow.dag_processing.importers.python_importer","filename":"python_importer.py","lineno":244,"error_detail":[{"exc_type":"SyntaxError","exc_value":"unterminated f-string literal (detected at line 17) (13_asset_dependency.py, line 17)","exc_notes":[],"syntax_error":{"offset":22,"filename":"/opt/airflow/dags/13_asset_dependency.py","line":"        f.writelines(f\"data processed and written successfully.\\\")","lineno":17,"msg":"unterminated f-string literal (detected at line 17)"},"is_cause":false,"frames":[{"filename":"/home/airflow/.local/lib/python3.13/site-packages/airflow/dag_processing/importers/python_importer.py","lineno":238,"name":"parse"},{"filename":"<frozen importlib._bootstrap_external>","lineno":1019,"name":"exec_module"},{"filename":"<frozen importlib._bootstrap_external>","lineno":1157,"name":"get_code"},{"filename":"<frozen importlib._bootstrap_external>","lineno":1087,"name":"source_to_code"},{"filename":"<frozen importlib._bootstrap>","lineno":488,"name":"_call_with_frames_removed"}],"is_group":false,"exceptions":[]}]}
{"timestamp":"2026-08-08T11:41:57.206276Z","level":"error","event":"Error loading DAG from 13_asset_dependency.py: unterminated f-string literal (detected at line 17) (13_asset_dependency.py, line 17)","logger":"airflow.dag_processing.dagbag.BundleDagBag","filename":"dagbag.py","lineno":319}
{"timestamp":"2026-08-08T11:41:59.268238Z","level":"info","event":"Filling up the DagBag from /opt/airflow/dags/13_asset_dependency.py","logger":"airflow.dag_processing.dagbag.BundleDagBag","filename":"dagbag.py","lineno":460}
{"timestamp":"2026-08-08T11:42:02.615695Z","level":"info","event":"Filling up the DagBag from /opt/airflow/dags/13_asset_dependency.py","logger":"airflow.dag_processing.dagbag.BundleDagBag","filename":"dagbag.py","lineno":460}
{"timestamp":"2026-08-08T11:42:32.923555Z","level":"info","event":"Filling up the DagBag from /opt/airflow/dags/13_asset_dependency.py","logger":"airflow.dag_processing.dagbag.BundleDagBag","filename":"dagbag.py","lineno":460}
{"timestamp":"2026-08-08T11:43:03.984871Z","level":"info","event":"Filling up the DagBag from /opt/airflow/dags/13_asset_dependency.py","logger":"airflow.dag_processing.dagbag.BundleDagBag","filename":"dagbag.py","lineno":460}
{"timestamp":"2026-08-08T11:43:34.632584Z","level":"info","event":"Filling up the DagBag from /opt/airflow/dags/13_asset_dependency.py","logger":"airflow.dag_processing.dagbag.BundleDagBag","filename":"dagbag.py","lineno":460}
{"timestamp":"2026-08-08T11:44:05.496376Z","level":"info","event":"Filling up the DagBag from /opt/airflow/dags/13_asset_dependency.py","logger":"airflow.dag_processing.dagbag.BundleDagBag","filename":"dagbag.py","lineno":460}
{"timestamp":"2026-08-08T11:44:36.005401Z","level":"info","event":"Filling up the DagBag from /opt/airflow/dags/13_asset_dependency.py","logger":"airflow.dag_processing.dagbag.BundleDagBag","filename":"dagbag.py","lineno":460}
{"timestamp":"2026-08-08T11:45:06.978680Z","level":"info","event":"Filling up the DagBag from /opt/airflow/dags/13_asset_dependency.py","logger":"airflow.dag_processing.dagbag.BundleDagBag","filename":"dagbag.py","lineno":460}
{"timestamp":"2026-08-08T11:45:37.482709Z","level":"info","event":"Filling up the DagBag from /opt/airflow/dags/13_asset_dependency.py","logger":"airflow.dag_processing.dagbag.BundleDagBag","filename":"dagbag.py","lineno":460}
{"timestamp":"2026-08-08T11:46:08.058904Z","level":"info","event":"Filling up the DagBag from /opt/airflow/dags/13_asset_dependency.py","logger":"airflow.dag_processing.dagbag.BundleDagBag","filename":"dagbag.py","lineno":460}
{"timestamp":"2026-08-08T11:46:39.089999Z","level":"info","event":"Filling up the DagBag from /opt/airflow/dags/13_asset_dependency.py","logger":"airflow.dag_processing.dagbag.BundleDagBag","filename":"dagbag.py","lineno":460}
{"timestamp":"2026-08-08T11:47:09.661721Z","level":"info","event":"Filling up the DagBag from /opt/airflow/dags/13_asset_dependency.py","logger":"airflow.dag_processing.dagbag.BundleDagBag","filename":"dagbag.py","lineno":460}
{"timestamp":"2026-08-08T11:47:40.218678Z","level":"info","event":"Filling up the DagBag from /opt/airflow/dags/13_asset_dependency.py","logger":"airflow.dag_processing.dagbag.BundleDagBag","filename":"dagbag.py","lineno":460}
{"timestamp":"2026-08-08T11:48:10.839220Z","level":"info","event":"Filling up the DagBag from /opt/airflow/dags/13_asset_dependency.py","logger":"airflow.dag_processing.dagbag.BundleDagBag","filename":"dagbag.py","lineno":460}
{"timestamp":"2026-08-08T11:48:41.302881Z","level":"info","event":"Filling up the DagBag from /opt/airflow/dags/13_asset_dependency.py","logger":"airflow.dag_processing.dagbag.BundleDagBag","filename":"dagbag.py","lineno":460}
{"timestamp":"2026-08-08T11:49:11.717555Z","level":"info","event":"Filling up the DagBag from /opt/airflow/dags/13_asset_dependency.py","logger":"airflow.dag_processing.dagbag.BundleDagBag","filename":"dagbag.py","lineno":460}
{"timestamp":"2026-08-08T11:49:42.801875Z","level":"info","event":"Filling up the DagBag from /opt/airflow/dags/13_asset_dependency.py","logger":"airflow.dag_processing.dagbag.BundleDagBag","filename":"dagbag.py","lineno":460}
{"timestamp":"2026-08-08T11:50:13.212775Z","level":"info","event":"Filling up the DagBag from /opt/airflow/dags/13_asset_dependency.py","logger":"airflow.dag_processing.dagbag.BundleDagBag","filename":"dagbag.py","lineno":460}
{"timestamp":"2026-08-08T11:50:43.851426Z","level":"info","event":"Filling up the DagBag from /opt/airflow/dags/13_asset_dependency.py","logger":"airflow.dag_processing.dagbag.BundleDagBag","filename":"dagbag.py","lineno":460}
{"timestamp":"2026-08-08T11:51:14.322964Z","level":"info","event":"Filling up the DagBag from /opt/airflow/dags/13_asset_dependency.py","logger":"airflow.dag_processing.dagbag.BundleDagBag","filename":"dagbag.py","lineno":460}
{"timestamp":"2026-08-08T11:51:44.988675Z","level":"info","event":"Filling up the DagBag from /opt/airflow/dags/13_asset_dependency.py","logger":"airflow.dag_processing.dagbag.BundleDagBag","filename":"dagbag.py","lineno":460}
{"timestamp":"2026-08-08T11:52:16.711650Z","level":"info","event":"Filling up the DagBag from /opt/airflow/dags/13_asset_dependency.py","logger":"airflow.dag_processing.dagbag.BundleDagBag","filename":"dagbag.py","lineno":460}
{"timestamp":"2026-08-08T11:52:47.646377Z","level":"info","event":"Filling up the DagBag from /opt/airflow/dags/13_asset_dependency.py","logger":"airflow.dag_processing.dagbag.BundleDagBag","filename":"dagbag.py","lineno":460}
{"timestamp":"2026-08-08T11:53:18.355533Z","level":"info","event":"Filling up the DagBag from /opt/airflow/dags/13_asset_dependency.py","logger":"airflow.dag_processing.dagbag.BundleDagBag","filename":"dagbag.py","lineno":460}
{"timestamp":"2026-08-08T11:53:49.035245Z","level":"info","event":"Filling up the DagBag from /opt/airflow/dags/13_asset_dependency.py","logger":"airflow.dag_processing.dagbag.BundleDagBag","filename":"dagbag.py","lineno":460}
{"timestamp":"2026-08-08T11:54:19.999980Z","level":"info","event":"Filling up the DagBag from /opt/airflow/dags/13_asset_dependency.py","logger":"airflow.dag_processing.dagbag.BundleDagBag","filename":"dagbag.py","lineno":460}
{"timestamp":"2026-08-08T11:54:50.945664Z","level":"info","event":"Filling up the DagBag from /opt/airflow/dags/13_asset_dependency.py","logger":"airflow.dag_processing.dagbag.BundleDagBag","filename":"dagbag.py","lineno":460}
{"timestamp":"2026-08-08T11:55:22.253885Z","level":"info","event":"Filling up the DagBag from /opt/airflow/dags/13_asset_dependency.py","logger":"airflow.dag_processing.dagbag.BundleDagBag","filename":"dagbag.py","lineno":460}
{"timestamp":"2026-08-08T11:55:53.672531Z","level":"info","event":"Filling up the DagBag from /opt/airflow/dags/13_asset_dependency.py","logger":"airflow.dag_processing.dagbag.BundleDagBag","filename":"dagbag.py","lineno":460}
{"timestamp":"2026-08-08T11:56:24.002678Z","level":"info","event":"Filling up the DagBag from /opt/airflow/dags/13_asset_dependency.py","logger":"airflow.dag_processing.dagbag.BundleDagBag","filename":"dagbag.py","lineno":460}
{"timestamp":"2026-08-08T11:56:55.218929Z","level":"info","event":"Filling up the DagBag from /opt/airflow/dags/13_asset_dependency.py","logger":"airflow.dag_processing.dagbag.BundleDagBag","filename":"dagbag.py","lineno":460}
{"timestamp":"2026-08-08T11:57:26.145394Z","level":"info","event":"Filling up the DagBag from /opt/airflow/dags/13_asset_dependency.py","logger":"airflow.dag_processing.dagbag.BundleDagBag","filename":"dagbag.py","lineno":460}
{"timestamp":"2026-08-08T11:57:56.987768Z","level":"info","event":"Filling up the DagBag from /opt/airflow/dags/13_asset_dependency.py","logger":"airflow.dag_processing.dagbag.BundleDagBag","filename":"dagbag.py","lineno":460}
{"timestamp":"2026-08-08T11:58:28.151466Z","level":"info","event":"Filling up the DagBag from /opt/airflow/dags/13_asset_dependency.py","logger":"airflow.dag_processing.dagbag.BundleDagBag","filename":"dagbag.py","lineno":460}
{"timestamp":"2026-08-08T11:58:58.943420Z","level":"info","event":"Filling up the DagBag from /opt/airflow/dags/13_asset_dependency.py","logger":"airflow.dag_processing.dagbag.BundleDagBag","filename":"dagbag.py","lineno":460}
{"timestamp":"2026-08-08T11:59:29.937485Z","level":"info","event":"Filling up the DagBag from /opt/airflow/dags/13_asset_dependency.py","logger":"airflow.dag_processing.dagbag.BundleDagBag","filename":"dagbag.py","lineno":460}
{"timestamp":"2026-08-08T12:00:00.900454Z","level":"info","event":"Filling up the DagBag from /opt/airflow/dags/13_asset_dependency.py","logger":"airflow.dag_processing.dagbag.BundleDagBag","filename":"dagbag.py","lineno":460}
{"timestamp":"2026-08-08T12:00:31.300646Z","level":"info","event":"Filling up the DagBag from /opt/airflow/dags/13_asset_dependency.py","logger":"airflow.dag_processing.dagbag.BundleDagBag","filename":"dagbag.py","lineno":460}
{"timestamp":"2026-08-08T12:01:03.700535Z","level":"info","event":"Filling up the DagBag from /opt/airflow/dags/13_asset_dependency.py","logger":"airflow.dag_processing.dagbag.BundleDagBag","filename":"dagbag.py","lineno":460}
{"timestamp":"2026-08-08T12:01:34.280008Z","level":"info","event":"Filling up the DagBag from /opt/airflow/dags/13_asset_dependency.py","logger":"airflow.dag_processing.dagbag.BundleDagBag","filename":"dagbag.py","lineno":460}
{"timestamp":"2026-08-08T12:02:05.034879Z","level":"info","event":"Filling up the DagBag from /opt/airflow/dags/13_asset_dependency.py","logger":"airflow.dag_processing.dagbag.BundleDagBag","filename":"dagbag.py","lineno":460}
{"timestamp":"2026-08-08T12:02:35.955927Z","level":"info","event":"Filling up the DagBag from /opt/airflow/dags/13_asset_dependency.py","logger":"airflow.dag_processing.dagbag.BundleDagBag","filename":"dagbag.py","lineno":460}
{"timestamp":"2026-08-08T12:03:06.923502Z","level":"info","event":"Filling up the DagBag from /opt/airflow/dags/13_asset_dependency.py","logger":"airflow.dag_processing.dagbag.BundleDagBag","filename":"dagbag.py","lineno":460}
{"timestamp":"2026-08-08T12:03:38.905253Z","level":"info","event":"Filling up the DagBag from /opt/airflow/dags/13_asset_dependency.py","logger":"airflow.dag_processing.dagbag.BundleDagBag","filename":"dagbag.py","lineno":460}
{"timestamp":"2026-08-08T12:04:09.649181Z","level":"info","event":"Filling up the DagBag from /opt/airflow/dags/13_asset_dependency.py","logger":"airflow.dag_processing.dagbag.BundleDagBag","filename":"dagbag.py","lineno":460}
{"timestamp":"2026-08-08T12:04:41.294362Z","level":"info","event":"Filling up the DagBag from /opt/airflow/dags/13_asset_dependency.py","logger":"airflow.dag_processing.dagbag.BundleDagBag","filename":"dagbag.py","lineno":460}
{"timestamp":"2026-08-08T12:05:12.593119Z","level":"info","event":"Filling up the DagBag from /opt/airflow/dags/13_asset_dependency.py","logger":"airflow.dag_processing.dagbag.BundleDagBag","filename":"dagbag.py","lineno":460}
{"timestamp":"2026-08-08T12:05:43.051248Z","level":"info","event":"Filling up the DagBag from /opt/airflow/dags/13_asset_dependency.py","logger":"airflow.dag_processing.dagbag.BundleDagBag","filename":"dagbag.py","lineno":460}
{"timestamp":"2026-08-08T12:06:14.042176Z","level":"info","event":"Filling up the DagBag from /opt/airflow/dags/13_asset_dependency.py","logger":"airflow.dag_processing.dagbag.BundleDagBag","filename":"dagbag.py","lineno":460}
{"timestamp":"2026-08-08T12:06:44.784350Z","level":"info","event":"Filling up the DagBag from /opt/airflow/dags/13_asset_dependency.py","logger":"airflow.dag_processing.dagbag.BundleDagBag","filename":"dagbag.py","lineno":460}
{"timestamp":"2026-08-08T12:07:15.270278Z","level":"info","event":"Filling up the DagBag from /opt/airflow/dags/13_asset_dependency.py","logger":"airflow.dag_processing.dagbag.BundleDagBag","filename":"dagbag.py","lineno":460}
{"timestamp":"2026-08-08T12:07:46.706837Z","level":"info","event":"Filling up the DagBag from /opt/airflow/dags/13_asset_dependency.py","logger":"airflow.dag_processing.dagbag.BundleDagBag","filename":"dagbag.py","lineno":460}
{"timestamp":"2026-08-08T12:08:18.060189Z","level":"info","event":"Filling up the DagBag from /opt/airflow/dags/13_asset_dependency.py","logger":"airflow.dag_processing.dagbag.BundleDagBag","filename":"dagbag.py","lineno":460}
{"timestamp":"2026-08-08T12:08:48.465895Z","level":"info","event":"Filling up the DagBag from /opt/airflow/dags/13_asset_dependency.py","logger":"airflow.dag_processing.dagbag.BundleDagBag","filename":"dagbag.py","lineno":460}
{"timestamp":"2026-08-08T12:09:19.752370Z","level":"info","event":"Filling up the DagBag from /opt/airflow/dags/13_asset_dependency.py","logger":"airflow.dag_processing.dagbag.BundleDagBag","filename":"dagbag.py","lineno":460}
{"timestamp":"2026-08-08T12:09:50.354628Z","level":"info","event":"Filling up the DagBag from /opt/airflow/dags/13_asset_dependency.py","logger":"airflow.dag_processing.dagbag.BundleDagBag","filename":"dagbag.py","lineno":460}
{"timestamp":"2026-08-08T12:10:21.696552Z","level":"info","event":"Filling up the DagBag from /opt/airflow/dags/13_asset_dependency.py","logger":"airflow.dag_processing.dagbag.BundleDagBag","filename":"dagbag.py","lineno":460}
{"timestamp":"2026-08-08T12:10:52.984523Z","level":"info","event":"Filling up the DagBag from /opt/airflow/dags/13_asset_dependency.py","logger":"airflow.dag_processing.dagbag.BundleDagBag","filename":"dagbag.py","lineno":460}
{"timestamp":"2026-08-08T12:11:23.786819Z","level":"info","event":"Filling up the DagBag from /opt/airflow/dags/13_asset_dependency.py","logger":"airflow.dag_processing.dagbag.BundleDagBag","filename":"dagbag.py","lineno":460}
{"timestamp":"2026-08-08T12:11:54.706108Z","level":"info","event":"Filling up the DagBag from /opt/airflow/dags/13_asset_dependency.py","logger":"airflow.dag_processing.dagbag.BundleDagBag","filename":"dagbag.py","lineno":460}
{"timestamp":"2026-08-08T12:12:25.851819Z","level":"info","event":"Filling up the DagBag from /opt/airflow/dags/13_asset_dependency.py","logger":"airflow.dag_processing.dagbag.BundleDagBag","filename":"dagbag.py","lineno":460}
{"timestamp":"2026-08-08T12:12:56.567984Z","level":"info","event":"Filling up the DagBag from /opt/airflow/dags/13_asset_dependency.py","logger":"airflow.dag_processing.dagbag.BundleDagBag","filename":"dagbag.py","lineno":460}
{"timestamp":"2026-08-08T12:13:27.467708Z","level":"info","event":"Filling up the DagBag from /opt/airflow/dags/13_asset_dependency.py","logger":"airflow.dag_processing.dagbag.BundleDagBag","filename":"dagbag.py","lineno":460}
{"timestamp":"2026-08-08T12:13:58.329863Z","level":"info","event":"Filling up the DagBag from /opt/airflow/dags/13_asset_dependency.py","logger":"airflow.dag_processing.dagbag.BundleDagBag","filename":"dagbag.py","lineno":460}
{"timestamp":"2026-08-08T12:14:29.769531Z","level":"info","event":"Filling up the DagBag from /opt/airflow/dags/13_asset_dependency.py","logger":"airflow.dag_processing.dagbag.BundleDagBag","filename":"dagbag.py","lineno":460}
{"timestamp":"2026-08-08T12:15:01.239402Z","level":"info","event":"Filling up the DagBag from /opt/airflow/dags/13_asset_dependency.py","logger":"airflow.dag_processing.dagbag.BundleDagBag","filename":"dagbag.py","lineno":460}
{"timestamp":"2026-08-08T12:15:31.755272Z","level":"info","event":"Filling up the DagBag from /opt/airflow/dags/13_asset_dependency.py","logger":"airflow.dag_processing.dagbag.BundleDagBag","filename":"dagbag.py","lineno":460}
{"timestamp":"2026-08-08T12:16:02.944563Z","level":"info","event":"Filling up the DagBag from /opt/airflow/dags/13_asset_dependency.py","logger":"airflow.dag_processing.dagbag.BundleDagBag","filename":"dagbag.py","lineno":460}
{"timestamp":"2026-08-08T12:16:33.526421Z","level":"info","event":"Filling up the DagBag from /opt/airflow/dags/13_asset_dependency.py","logger":"airflow.dag_processing.dagbag.BundleDagBag","filename":"dagbag.py","lineno":460}
{"timestamp":"2026-08-08T12:17:05.005435Z","level":"info","event":"Filling up the DagBag from /opt/airflow/dags/13_asset_dependency.py","logger":"airflow.dag_processing.dagbag.BundleDagBag","filename":"dagbag.py","lineno":460}
{"timestamp":"2026-08-08T12:17:36.249473Z","level":"info","event":"Filling up the DagBag from /opt/airflow/dags/13_asset_dependency.py","logger":"airflow.dag_processing.dagbag.BundleDagBag","filename":"dagbag.py","lineno":460}
{"timestamp":"2026-08-08T12:18:07.194791Z","level":"info","event":"Filling up the DagBag from /opt/airflow/dags/13_asset_dependency.py","logger":"airflow.dag_processing.dagbag.BundleDagBag","filename":"dagbag.py","lineno":460}
{"timestamp":"2026-08-08T12:18:38.355109Z","level":"info","event":"Filling up the DagBag from /opt/airflow/dags/13_asset_dependency.py","logger":"airflow.dag_processing.dagbag.BundleDagBag","filename":"dagbag.py","lineno":460}
{"timestamp":"2026-08-08T12:19:09.195603Z","level":"info","event":"Filling up the DagBag from /opt/airflow/dags/13_asset_dependency.py","logger":"airflow.dag_processing.dagbag.BundleDagBag","filename":"dagbag.py","lineno":460}
{"timestamp":"2026-08-08T12:19:40.607498Z","level":"info","event":"Filling up the DagBag from /opt/airflow/dags/13_asset_dependency.py","logger":"airflow.dag_processing.dagbag.BundleDagBag","filename":"dagbag.py","lineno":460}
{"timestamp":"2026-08-08T12:20:11.496288Z","level":"info","event":"Filling up the DagBag from /opt/airflow/dags/13_asset_dependency.py","logger":"airflow.dag_processing.dagbag.BundleDagBag","filename":"dagbag.py","lineno":460}
{"timestamp":"2026-08-08T12:20:42.024234Z","level":"info","event":"Filling up the DagBag from /opt/airflow/dags/13_asset_dependency.py","logger":"airflow.dag_processing.dagbag.BundleDagBag","filename":"dagbag.py","lineno":460}
{"timestamp":"2026-08-08T12:21:13.118747Z","level":"info","event":"Filling up the DagBag from /opt/airflow/dags/13_asset_dependency.py","logger":"airflow.dag_processing.dagbag.BundleDagBag","filename":"dagbag.py","lineno":460}
{"timestamp":"2026-08-08T12:21:43.925665Z","level":"info","event":"Filling up the DagBag from /opt/airflow/dags/13_asset_dependency.py","logger":"airflow.dag_processing.dagbag.BundleDagBag","filename":"dagbag.py","lineno":460}
{"timestamp":"2026-08-08T12:22:14.855584Z","level":"info","event":"Filling up the DagBag from /opt/airflow/dags/13_asset_dependency.py","logger":"airflow.dag_processing.dagbag.BundleDagBag","filename":"dagbag.py","lineno":460}
{"timestamp":"2026-08-08T12:22:46.763035Z","level":"info","event":"Filling up the DagBag from /opt/airflow/dags/13_asset_dependency.py","logger":"airflow.dag_processing.dagbag.BundleDagBag","filename":"dagbag.py","lineno":460}
{"timestamp":"2026-08-08T12:23:17.098118Z","level":"info","event":"Filling up the DagBag from /opt/airflow/dags/13_asset_dependency.py","logger":"airflow.dag_processing.dagbag.BundleDagBag","filename":"dagbag.py","lineno":460}
{"timestamp":"2026-08-08T12:23:48.179946Z","level":"info","event":"Filling up the DagBag from /opt/airflow/dags/13_asset_dependency.py","logger":"airflow.dag_processing.dagbag.BundleDagBag","filename":"dagbag.py","lineno":460}
{"timestamp":"2026-08-08T12:24:19.482203Z","level":"info","event":"Filling up the DagBag from /opt/airflow/dags/13_asset_dependency.py","logger":"airflow.dag_processing.dagbag.BundleDagBag","filename":"dagbag.py","lineno":460}
{"timestamp":"2026-08-08T12:24:50.490018Z","level":"info","event":"Filling up the DagBag from /opt/airflow/dags/13_asset_dependency.py","logger":"airflow.dag_processing.dagbag.BundleDagBag","filename":"dagbag.py","lineno":460}
{"timestamp":"2026-08-08T12:25:21.434084Z","level":"info","event":"Filling up the DagBag from /opt/airflow/dags/13_asset_dependency.py","logger":"airflow.dag_processing.dagbag.BundleDagBag","filename":"dagbag.py","lineno":460}
{"timestamp":"2026-08-08T12:25:52.064422Z","level":"info","event":"Filling up the DagBag from /opt/airflow/dags/13_asset_dependency.py","logger":"airflow.dag_processing.dagbag.BundleDagBag","filename":"dagbag.py","lineno":460}
{"timestamp":"2026-08-08T12:26:23.606832Z","level":"info","event":"Filling up the DagBag from /opt/airflow/dags/13_asset_dependency.py","logger":"airflow.dag_processing.dagbag.BundleDagBag","filename":"dagbag.py","lineno":460}
{"timestamp":"2026-08-08T12:26:54.893116Z","level":"info","event":"Filling up the DagBag from /opt/airflow/dags/13_asset_dependency.py","logger":"airflow.dag_processing.dagbag.BundleDagBag","filename":"dagbag.py","lineno":460}
{"timestamp":"2026-08-08T12:27:25.188050Z","level":"info","event":"Filling up the DagBag from /opt/airflow/dags/13_asset_dependency.py","logger":"airflow.dag_processing.dagbag.BundleDagBag","filename":"dagbag.py","lineno":460}
{"timestamp":"2026-08-08T12:27:56.621982Z","level":"info","event":"Filling up the DagBag from /opt/airflow/dags/13_asset_dependency.py","logger":"airflow.dag_processing.dagbag.BundleDagBag","filename":"dagbag.py","lineno":460}
{"timestamp":"2026-08-08T12:28:27.862157Z","level":"info","event":"Filling up the DagBag from /opt/airflow/dags/13_asset_dependency.py","logger":"airflow.dag_processing.dagbag.BundleDagBag","filename":"dagbag.py","lineno":460}
{"timestamp":"2026-08-08T12:28:58.246442Z","level":"info","event":"Filling up the DagBag from /opt/airflow/dags/13_asset_dependency.py","logger":"airflow.dag_processing.dagbag.BundleDagBag","filename":"dagbag.py","lineno":460}
{"timestamp":"2026-08-08T12:29:29.886479Z","level":"info","event":"Filling up the DagBag from /opt/airflow/dags/13_asset_dependency.py","logger":"airflow.dag_processing.dagbag.BundleDagBag","filename":"dagbag.py","lineno":460}
{"timestamp":"2026-08-08T12:30:00.848578Z","level":"info","event":"Filling up the DagBag from /opt/airflow/dags/13_asset_dependency.py","logger":"airflow.dag_processing.dagbag.BundleDagBag","filename":"dagbag.py","lineno":460}
{"timestamp":"2026-08-08T12:30:31.211062Z","level":"info","event":"Filling up the DagBag from /opt/airflow/dags/13_asset_dependency.py","logger":"airflow.dag_processing.dagbag.BundleDagBag","filename":"dagbag.py","lineno":460}
{"timestamp":"2026-08-08T12:31:02.500339Z","level":"info","event":"Filling up the DagBag from /opt/airflow/dags/13_asset_dependency.py","logger":"airflow.dag_processing.dagbag.BundleDagBag","filename":"dagbag.py","lineno":460}
{"timestamp":"2026-08-08T12:31:33.695236Z","level":"info","event":"Filling up the DagBag from /opt/airflow/dags/13_asset_dependency.py","logger":"airflow.dag_processing.dagbag.BundleDagBag","filename":"dagbag.py","lineno":460}
{"timestamp":"2026-08-08T12:32:04.361453Z","level":"info","event":"Filling up the DagBag from /opt/airflow/dags/13_asset_dependency.py","logger":"airflow.dag_processing.dagbag.BundleDagBag","filename":"dagbag.py","lineno":460}
{"timestamp":"2026-08-08T12:32:35.647299Z","level":"info","event":"Filling up the DagBag from /opt/airflow/dags/13_asset_dependency.py","logger":"airflow.dag_processing.dagbag.BundleDagBag","filename":"dagbag.py","lineno":460}
{"timestamp":"2026-08-08T12:33:06.136135Z","level":"info","event":"Filling up the DagBag from /opt/airflow/dags/13_asset_dependency.py","logger":"airflow.dag_processing.dagbag.BundleDagBag","filename":"dagbag.py","lineno":460}
{"timestamp":"2026-08-08T12:33:37.427435Z","level":"info","event":"Filling up the DagBag from /opt/airflow/dags/13_asset_dependency.py","logger":"airflow.dag_processing.dagbag.BundleDagBag","filename":"dagbag.py","lineno":460}
{"timestamp":"2026-08-08T12:34:08.691511Z","level":"info","event":"Filling up the DagBag from /opt/airflow/dags/13_asset_dependency.py","logger":"airflow.dag_processing.dagbag.BundleDagBag","filename":"dagbag.py","lineno":460}
{"timestamp":"2026-08-08T12:34:39.270508Z","level":"info","event":"Filling up the DagBag from /opt/airflow/dags/13_asset_dependency.py","logger":"airflow.dag_processing.dagbag.BundleDagBag","filename":"dagbag.py","lineno":460}
{"timestamp":"2026-08-08T12:35:10.831504Z","level":"info","event":"Filling up the DagBag from /opt/airflow/dags/13_asset_dependency.py","logger":"airflow.dag_processing.dagbag.BundleDagBag","filename":"dagbag.py","lineno":460}
{"timestamp":"2026-08-08T12:35:41.777311Z","level":"info","event":"Filling up the DagBag from /opt/airflow/dags/13_asset_dependency.py","logger":"airflow.dag_processing.dagbag.BundleDagBag","filename":"dagbag.py","lineno":460}
{"timestamp":"2026-08-08T12:36:12.718582Z","level":"info","event":"Filling up the DagBag from /opt/airflow/dags/13_asset_dependency.py","logger":"airflow.dag_processing.dagbag.BundleDagBag","filename":"dagbag.py","lineno":460}
{"timestamp":"2026-08-08T12:36:43.949072Z","level":"info","event":"Filling up the DagBag from /opt/airflow/dags/13_asset_dependency.py","logger":"airflow.dag_processing.dagbag.BundleDagBag","filename":"dagbag.py","lineno":460}
{"timestamp":"2026-08-08T12:37:14.811652Z","level":"info","event":"Filling up the DagBag from /opt/airflow/dags/13_asset_dependency.py","logger":"airflow.dag_processing.dagbag.BundleDagBag","filename":"dagbag.py","lineno":460}
{"timestamp":"2026-08-08T12:37:45.921231Z","level":"info","event":"Filling up the DagBag from /opt/airflow/dags/13_asset_dependency.py","logger":"airflow.dag_processing.dagbag.BundleDagBag","filename":"dagbag.py","lineno":460}
{"timestamp":"2026-08-08T12:38:16.686380Z","level":"info","event":"Filling up the DagBag from /opt/airflow/dags/13_asset_dependency.py","logger":"airflow.dag_processing.dagbag.BundleDagBag","filename":"dagbag.py","lineno":460}
{"timestamp":"2026-08-08T12:38:48.028455Z","level":"info","event":"Filling up the DagBag from /opt/airflow/dags/13_asset_dependency.py","logger":"airflow.dag_processing.dagbag.BundleDagBag","filename":"dagbag.py","lineno":460}
{"timestamp":"2026-08-08T12:39:18.923937Z","level":"info","event":"Filling up the DagBag from /opt/airflow/dags/13_asset_dependency.py","logger":"airflow.dag_processing.dagbag.BundleDagBag","filename":"dagbag.py","lineno":460}
{"timestamp":"2026-08-08T12:39:49.639767Z","level":"info","event":"Filling up the DagBag from /opt/airflow/dags/13_asset_dependency.py","logger":"airflow.dag_processing.dagbag.BundleDagBag","filename":"dagbag.py","lineno":460}
{"timestamp":"2026-08-08T12:40:20.718202Z","level":"info","event":"Filling up the DagBag from /opt/airflow/dags/13_asset_dependency.py","logger":"airflow.dag_processing.dagbag.BundleDagBag","filename":"dagbag.py","lineno":460}
{"timestamp":"2026-08-08T12:40:52.245999Z","level":"info","event":"Filling up the DagBag from /opt/airflow/dags/13_asset_dependency.py","logger":"airflow.dag_processing.dagbag.BundleDagBag","filename":"dagbag.py","lineno":460}
{"timestamp":"2026-08-08T12:41:22.821057Z","level":"info","event":"Filling up the DagBag from /opt/airflow/dags/13_asset_dependency.py","logger":"airflow.dag_processing.dagbag.BundleDagBag","filename":"dagbag.py","lineno":460}
{"timestamp":"2026-08-08T12:41:54.425793Z","level":"info","event":"Filling up the DagBag from /opt/airflow/dags/13_asset_dependency.py","logger":"airflow.dag_processing.dagbag.BundleDagBag","filename":"dagbag.py","lineno":460}
{"timestamp":"2026-08-08T12:42:24.904547Z","level":"info","event":"Filling up the DagBag from /opt/airflow/dags/13_asset_dependency.py","logger":"airflow.dag_processing.dagbag.BundleDagBag","filename":"dagbag.py","lineno":460}
{"timestamp":"2026-08-08T12:42:56.173930Z","level":"info","event":"Filling up the DagBag from /opt/airflow/dags/13_asset_dependency.py","logger":"airflow.dag_processing.dagbag.BundleDagBag","filename":"dagbag.py","lineno":460}
{"timestamp":"2026-08-08T12:43:26.925897Z","level":"info","event":"Filling up the DagBag from /opt/airflow/dags/13_asset_dependency.py","logger":"airflow.dag_processing.dagbag.BundleDagBag","filename":"dagbag.py","lineno":460}
{"timestamp":"2026-08-08T12:43:57.872945Z","level":"info","event":"Filling up the DagBag from /opt/airflow/dags/13_asset_dependency.py","logger":"airflow.dag_processing.dagbag.BundleDagBag","filename":"dagbag.py","lineno":460}
{"timestamp":"2026-08-08T12:44:28.970070Z","level":"info","event":"Filling up the DagBag from /opt/airflow/dags/13_asset_dependency.py","logger":"airflow.dag_processing.dagbag.BundleDagBag","filename":"dagbag.py","lineno":460}
{"timestamp":"2026-08-08T12:45:00.188307Z","level":"info","event":"Filling up the DagBag from /opt/airflow/dags/13_asset_dependency.py","logger":"airflow.dag_processing.dagbag.BundleDagBag","filename":"dagbag.py","lineno":460}
{"timestamp":"2026-08-08T12:45:31.501517Z","level":"info","event":"Filling up the DagBag from /opt/airflow/dags/13_asset_dependency.py","logger":"airflow.dag_processing.dagbag.BundleDagBag","filename":"dagbag.py","lineno":460}
{"timestamp":"2026-08-08T12:46:02.361787Z","level":"info","event":"Filling up the DagBag from /opt/airflow/dags/13_asset_dependency.py","logger":"airflow.dag_processing.dagbag.BundleDagBag","filename":"dagbag.py","lineno":460}
{"timestamp":"2026-08-08T12:46:33.438716Z","level":"info","event":"Filling up the DagBag from /opt/airflow/dags/13_asset_dependency.py","logger":"airflow.dag_processing.dagbag.BundleDagBag","filename":"dagbag.py","lineno":460}
{"timestamp":"2026-08-08T12:47:04.430574Z","level":"info","event":"Filling up the DagBag from /opt/airflow/dags/13_asset_dependency.py","logger":"airflow.dag_processing.dagbag.BundleDagBag","filename":"dagbag.py","lineno":460}
{"timestamp":"2026-08-08T12:47:35.536981Z","level":"info","event":"Filling up the DagBag from /opt/airflow/dags/13_asset_dependency.py","logger":"airflow.dag_processing.dagbag.BundleDagBag","filename":"dagbag.py","lineno":460}
{"timestamp":"2026-08-08T12:48:06.556792Z","level":"info","event":"Filling up the DagBag from /opt/airflow/dags/13_asset_dependency.py","logger":"airflow.dag_processing.dagbag.BundleDagBag","filename":"dagbag.py","lineno":460}
{"timestamp":"2026-08-08T12:48:37.559803Z","level":"info","event":"Filling up the DagBag from /opt/airflow/dags/13_asset_dependency.py","logger":"airflow.dag_processing.dagbag.BundleDagBag","filename":"dagbag.py","lineno":460}
{"timestamp":"2026-08-08T12:49:09.017342Z","level":"info","event":"Filling up the DagBag from /opt/airflow/dags/13_asset_dependency.py","logger":"airflow.dag_processing.dagbag.BundleDagBag","filename":"dagbag.py","lineno":460}
{"timestamp":"2026-08-08T12:49:39.900562Z","level":"info","event":"Filling up the DagBag from /opt/airflow/dags/13_asset_dependency.py","logger":"airflow.dag_processing.dagbag.BundleDagBag","filename":"dagbag.py","lineno":460}
{"timestamp":"2026-08-08T12:50:10.634982Z","level":"info","event":"Filling up the DagBag from /opt/airflow/dags/13_asset_dependency.py","logger":"airflow.dag_processing.dagbag.BundleDagBag","filename":"dagbag.py","lineno":460}
{"timestamp":"2026-08-08T12:50:41.806519Z","level":"info","event":"Filling up the DagBag from /opt/airflow/dags/13_asset_dependency.py","logger":"airflow.dag_processing.dagbag.BundleDagBag","filename":"dagbag.py","lineno":460}
{"timestamp":"2026-08-08T12:51:12.817494Z","level":"info","event":"Filling up the DagBag from /opt/airflow/dags/13_asset_dependency.py","logger":"airflow.dag_processing.dagbag.BundleDagBag","filename":"dagbag.py","lineno":460}
{"timestamp":"2026-08-08T12:51:43.974401Z","level":"info","event":"Filling up the DagBag from /opt/airflow/dags/13_asset_dependency.py","logger":"airflow.dag_processing.dagbag.BundleDagBag","filename":"dagbag.py","lineno":460}
{"timestamp":"2026-08-08T12:52:14.799550Z","level":"info","event":"Filling up the DagBag from /opt/airflow/dags/13_asset_dependency.py","logger":"airflow.dag_processing.dagbag.BundleDagBag","filename":"dagbag.py","lineno":460}
{"timestamp":"2026-08-08T12:52:45.755710Z","level":"info","event":"Filling up the DagBag from /opt/airflow/dags/13_asset_dependency.py","logger":"airflow.dag_processing.dagbag.BundleDagBag","filename":"dagbag.py","lineno":460}
{"timestamp":"2026-08-08T12:53:17.262730Z","level":"info","event":"Filling up the DagBag from /opt/airflow/dags/13_asset_dependency.py","logger":"airflow.dag_processing.dagbag.BundleDagBag","filename":"dagbag.py","lineno":460}
{"timestamp":"2026-08-08T12:53:47.971820Z","level":"info","event":"Filling up the DagBag from /opt/airflow/dags/13_asset_dependency.py","logger":"airflow.dag_processing.dagbag.BundleDagBag","filename":"dagbag.py","lineno":460}
{"timestamp":"2026-08-08T12:54:19.165405Z","level":"info","event":"Filling up the DagBag from /opt/airflow/dags/13_asset_dependency.py","logger":"airflow.dag_processing.dagbag.BundleDagBag","filename":"dagbag.py","lineno":460}
{"timestamp":"2026-08-08T12:54:50.133201Z","level":"info","event":"Filling up the DagBag from /opt/airflow/dags/13_asset_dependency.py","logger":"airflow.dag_processing.dagbag.BundleDagBag","filename":"dagbag.py","lineno":460}
{"timestamp":"2026-08-08T12:55:21.566358Z","level":"info","event":"Filling up the DagBag from /opt/airflow/dags/13_asset_dependency.py","logger":"airflow.dag_processing.dagbag.BundleDagBag","filename":"dagbag.py","lineno":460}
{"timestamp":"2026-08-08T12:55:52.134489Z","level":"info","event":"Filling up the DagBag from /opt/airflow/dags/13_asset_dependency.py","logger":"airflow.dag_processing.dagbag.BundleDagBag","filename":"dagbag.py","lineno":460}
{"timestamp":"2026-08-08T12:56:23.040982Z","level":"info","event":"Filling up the DagBag from /opt/airflow/dags/13_asset_dependency.py","logger":"airflow.dag_processing.dagbag.BundleDagBag","filename":"dagbag.py","lineno":460}
{"timestamp":"2026-08-08T12:56:54.606003Z","level":"info","event":"Filling up the DagBag from /opt/airflow/dags/13_asset_dependency.py","logger":"airflow.dag_processing.dagbag.BundleDagBag","filename":"dagbag.py","lineno":460}
{"timestamp":"2026-08-08T12:57:25.613941Z","level":"info","event":"Filling up the DagBag from /opt/airflow/dags/13_asset_dependency.py","logger":"airflow.dag_processing.dagbag.BundleDagBag","filename":"dagbag.py","lineno":460}
{"timestamp":"2026-08-08T12:57:56.151044Z","level":"info","event":"Filling up the DagBag from /opt/airflow/dags/13_asset_dependency.py","logger":"airflow.dag_processing.dagbag.BundleDagBag","filename":"dagbag.py","lineno":460}
{"timestamp":"2026-08-08T12:58:27.486779Z","level":"info","event":"Filling up the DagBag from /opt/airflow/dags/13_asset_dependency.py","logger":"airflow.dag_processing.dagbag.BundleDagBag","filename":"dagbag.py","lineno":460}
{"timestamp":"2026-08-08T12:58:59.004409Z","level":"info","event":"Filling up the DagBag from /opt/airflow/dags/13_asset_dependency.py","logger":"airflow.dag_processing.dagbag.BundleDagBag","filename":"dagbag.py","lineno":460}
{"timestamp":"2026-08-08T12:59:29.619412Z","level":"info","event":"Filling up the DagBag from /opt/airflow/dags/13_asset_dependency.py","logger":"airflow.dag_processing.dagbag.BundleDagBag","filename":"dagbag.py","lineno":460}
{"timestamp":"2026-08-08T13:00:00.425385Z","level":"info","event":"Filling up the DagBag from /opt/airflow/dags/13_asset_dependency.py","logger":"airflow.dag_processing.dagbag.BundleDagBag","filename":"dagbag.py","lineno":460}
{"timestamp":"2026-08-08T13:00:31.542859Z","level":"info","event":"Filling up the DagBag from /opt/airflow/dags/13_asset_dependency.py","logger":"airflow.dag_processing.dagbag.BundleDagBag","filename":"dagbag.py","lineno":460}
{"timestamp":"2026-08-08T13:01:02.314592Z","level":"info","event":"Filling up the DagBag from /opt/airflow/dags/13_asset_dependency.py","logger":"airflow.dag_processing.dagbag.BundleDagBag","filename":"dagbag.py","lineno":460}
{"timestamp":"2026-08-08T13:01:33.463336Z","level":"info","event":"Filling up the DagBag from /opt/airflow/dags/13_asset_dependency.py","logger":"airflow.dag_processing.dagbag.BundleDagBag","filename":"dagbag.py","lineno":460}
{"timestamp":"2026-08-08T13:02:04.670675Z","level":"info","event":"Filling up the DagBag from /opt/airflow/dags/13_asset_dependency.py","logger":"airflow.dag_processing.dagbag.BundleDagBag","filename":"dagbag.py","lineno":460}
{"timestamp":"2026-08-08T13:02:35.998954Z","level":"info","event":"Filling up the DagBag from /opt/airflow/dags/13_asset_dependency.py","logger":"airflow.dag_processing.dagbag.BundleDagBag","filename":"dagbag.py","lineno":460}
{"timestamp":"2026-08-08T13:03:06.564122Z","level":"info","event":"Filling up the DagBag from /opt/airflow/dags/13_asset_dependency.py","logger":"airflow.dag_processing.dagbag.BundleDagBag","filename":"dagbag.py","lineno":460}
{"timestamp":"2026-08-08T13:03:38.046269Z","level":"info","event":"Filling up the DagBag from /opt/airflow/dags/13_asset_dependency.py","logger":"airflow.dag_processing.dagbag.BundleDagBag","filename":"dagbag.py","lineno":460}
{"timestamp":"2026-08-08T13:04:08.544176Z","level":"info","event":"Filling up the DagBag from /opt/airflow/dags/13_asset_dependency.py","logger":"airflow.dag_processing.dagbag.BundleDagBag","filename":"dagbag.py","lineno":460}
{"timestamp":"2026-08-08T13:04:39.486047Z","level":"info","event":"Filling up the DagBag from /opt/airflow/dags/13_asset_dependency.py","logger":"airflow.dag_processing.dagbag.BundleDagBag","filename":"dagbag.py","lineno":460}
{"timestamp":"2026-08-08T13:05:10.498630Z","level":"info","event":"Filling up the DagBag from /opt/airflow/dags/13_asset_dependency.py","logger":"airflow.dag_processing.dagbag.BundleDagBag","filename":"dagbag.py","lineno":460}
{"timestamp":"2026-08-08T13:05:41.732149Z","level":"info","event":"Filling up the DagBag from /opt/airflow/dags/13_asset_dependency.py","logger":"airflow.dag_processing.dagbag.BundleDagBag","filename":"dagbag.py","lineno":460}
{"timestamp":"2026-08-08T13:06:12.819565Z","level":"info","event":"Filling up the DagBag from /opt/airflow/dags/13_asset_dependency.py","logger":"airflow.dag_processing.dagbag.BundleDagBag","filename":"dagbag.py","lineno":460}
{"timestamp":"2026-08-08T13:06:43.883977Z","level":"info","event":"Filling up the DagBag from /opt/airflow/dags/13_asset_dependency.py","logger":"airflow.dag_processing.dagbag.BundleDagBag","filename":"dagbag.py","lineno":460}
{"timestamp":"2026-08-08T13:07:14.639364Z","level":"info","event":"Filling up the DagBag from /opt/airflow/dags/13_asset_dependency.py","logger":"airflow.dag_processing.dagbag.BundleDagBag","filename":"dagbag.py","lineno":460}
{"timestamp":"2026-08-08T13:07:45.497911Z","level":"info","event":"Filling up the DagBag from /opt/airflow/dags/13_asset_dependency.py","logger":"airflow.dag_processing.dagbag.BundleDagBag","filename":"dagbag.py","lineno":460}
{"timestamp":"2026-08-08T13:08:16.686708Z","level":"info","event":"Filling up the DagBag from /opt/airflow/dags/13_asset_dependency.py","logger":"airflow.dag_processing.dagbag.BundleDagBag","filename":"dagbag.py","lineno":460}
{"timestamp":"2026-08-08T13:08:47.126091Z","level":"info","event":"Filling up the DagBag from /opt/airflow/dags/13_asset_dependency.py","logger":"airflow.dag_processing.dagbag.BundleDagBag","filename":"dagbag.py","lineno":460}
{"timestamp":"2026-08-08T13:09:18.106448Z","level":"info","event":"Filling up the DagBag from /opt/airflow/dags/13_asset_dependency.py","logger":"airflow.dag_processing.dagbag.BundleDagBag","filename":"dagbag.py","lineno":460}
{"timestamp":"2026-08-08T13:09:49.355440Z","level":"info","event":"Filling up the DagBag from /opt/airflow/dags/13_asset_dependency.py","logger":"airflow.dag_processing.dagbag.BundleDagBag","filename":"dagbag.py","lineno":460}
{"timestamp":"2026-08-08T13:10:19.791457Z","level":"info","event":"Filling up the DagBag from /opt/airflow/dags/13_asset_dependency.py","logger":"airflow.dag_processing.dagbag.BundleDagBag","filename":"dagbag.py","lineno":460}
