{"timestamp":"2026-08-08T11:56:27.920186Z","level":"info","event":"Filling up the DagBag from /opt/airflow/dags/dag_orchestration_1.py","logger":"airflow.dag_processing.dagbag.BundleDagBag","filename":"dagbag.py","lineno":460}
{"timestamp":"2026-08-08T11:56:58.305792Z","level":"info","event":"Filling up the DagBag from /opt/airflow/dags/dag_orchestration_1.py","logger":"airflow.dag_processing.dagbag.BundleDagBag","filename":"dagbag.py","lineno":460}
{"timestamp":"2026-08-08T11:57:28.654563Z","level":"info","event":"Filling up the DagBag from /opt/airflow/dags/dag_orchestration_1.py","logger":"airflow.dag_processing.dagbag.BundleDagBag","filename":"dagbag.py","lineno":460}
{"timestamp":"2026-08-08T11:57:59.741459Z","level":"info","event":"Filling up the DagBag from /opt/airflow/dags/dag_orchestration_1.py","logger":"airflow.dag_processing.dagbag.BundleDagBag","filename":"dagbag.py","lineno":460}
{"timestamp":"2026-08-08T11:58:30.605986Z","level":"info","event":"Filling up the DagBag from /opt/airflow/dags/dag_orchestration_1.py","logger":"airflow.dag_processing.dagbag.BundleDagBag","filename":"dagbag.py","lineno":460}
{"timestamp":"2026-08-08T11:59:01.619642Z","level":"info","event":"Filling up the DagBag from /opt/airflow/dags/dag_orchestration_1.py","logger":"airflow.dag_processing.dagbag.BundleDagBag","filename":"dagbag.py","lineno":460}
{"timestamp":"2026-08-08T11:59:32.722582Z","level":"info","event":"Filling up the DagBag from /opt/airflow/dags/dag_orchestration_1.py","logger":"airflow.dag_processing.dagbag.BundleDagBag","filename":"dagbag.py","lineno":460}
{"timestamp":"2026-08-08T12:00:03.614934Z","level":"info","event":"Filling up the DagBag from /opt/airflow/dags/dag_orchestration_1.py","logger":"airflow.dag_processing.dagbag.BundleDagBag","filename":"dagbag.py","lineno":460}
{"timestamp":"2026-08-08T12:00:34.381281Z","level":"info","event":"Filling up the DagBag from /opt/airflow/dags/dag_orchestration_1.py","logger":"airflow.dag_processing.dagbag.BundleDagBag","filename":"dagbag.py","lineno":460}
{"timestamp":"2026-08-08T12:01:05.109476Z","level":"info","event":"Filling up the DagBag from /opt/airflow/dags/dag_orchestration_1.py","logger":"airflow.dag_processing.dagbag.BundleDagBag","filename":"dagbag.py","lineno":460}
{"timestamp":"2026-08-08T12:01:35.824816Z","level":"info","event":"Filling up the DagBag from /opt/airflow/dags/dag_orchestration_1.py","logger":"airflow.dag_processing.dagbag.BundleDagBag","filename":"dagbag.py","lineno":460}
{"timestamp":"2026-08-08T12:02:06.476414Z","level":"info","event":"Filling up the DagBag from /opt/airflow/dags/dag_orchestration_1.py","logger":"airflow.dag_processing.dagbag.BundleDagBag","filename":"dagbag.py","lineno":460}
{"timestamp":"2026-08-08T12:02:37.036837Z","level":"info","event":"Filling up the DagBag from /opt/airflow/dags/dag_orchestration_1.py","logger":"airflow.dag_processing.dagbag.BundleDagBag","filename":"dagbag.py","lineno":460}
{"timestamp":"2026-08-08T12:03:08.251079Z","level":"info","event":"Filling up the DagBag from /opt/airflow/dags/dag_orchestration_1.py","logger":"airflow.dag_processing.dagbag.BundleDagBag","filename":"dagbag.py","lineno":460}
{"timestamp":"2026-08-08T12:03:38.698904Z","level":"info","event":"Filling up the DagBag from /opt/airflow/dags/dag_orchestration_1.py","logger":"airflow.dag_processing.dagbag.BundleDagBag","filename":"dagbag.py","lineno":460}
{"timestamp":"2026-08-08T12:04:09.361613Z","level":"info","event":"Filling up the DagBag from /opt/airflow/dags/dag_orchestration_1.py","logger":"airflow.dag_processing.dagbag.BundleDagBag","filename":"dagbag.py","lineno":460}
{"timestamp":"2026-08-08T12:04:40.352706Z","level":"info","event":"Filling up the DagBag from /opt/airflow/dags/dag_orchestration_1.py","logger":"airflow.dag_processing.dagbag.BundleDagBag","filename":"dagbag.py","lineno":460}
{"timestamp":"2026-08-08T12:05:11.253922Z","level":"info","event":"Filling up the DagBag from /opt/airflow/dags/dag_orchestration_1.py","logger":"airflow.dag_processing.dagbag.BundleDagBag","filename":"dagbag.py","lineno":460}
{"timestamp":"2026-08-08T12:05:42.752003Z","level":"info","event":"Filling up the DagBag from /opt/airflow/dags/dag_orchestration_1.py","logger":"airflow.dag_processing.dagbag.BundleDagBag","filename":"dagbag.py","lineno":460}
{"timestamp":"2026-08-08T12:06:13.841784Z","level":"info","event":"Filling up the DagBag from /opt/airflow/dags/dag_orchestration_1.py","logger":"airflow.dag_processing.dagbag.BundleDagBag","filename":"dagbag.py","lineno":460}
{"timestamp":"2026-08-08T12:06:44.583962Z","level":"info","event":"Filling up the DagBag from /opt/airflow/dags/dag_orchestration_1.py","logger":"airflow.dag_processing.dagbag.BundleDagBag","filename":"dagbag.py","lineno":460}
{"timestamp":"2026-08-08T12:07:15.075562Z","level":"info","event":"Filling up the DagBag from /opt/airflow/dags/dag_orchestration_1.py","logger":"airflow.dag_processing.dagbag.BundleDagBag","filename":"dagbag.py","lineno":460}
{"timestamp":"2026-08-08T12:07:46.471879Z","level":"info","event":"Filling up the DagBag from /opt/airflow/dags/dag_orchestration_1.py","logger":"airflow.dag_processing.dagbag.BundleDagBag","filename":"dagbag.py","lineno":460}
{"timestamp":"2026-08-08T12:08:17.819409Z","level":"info","event":"Filling up the DagBag from /opt/airflow/dags/dag_orchestration_1.py","logger":"airflow.dag_processing.dagbag.BundleDagBag","filename":"dagbag.py","lineno":460}
{"timestamp":"2026-08-08T12:08:48.227237Z","level":"info","event":"Filling up the DagBag from /opt/airflow/dags/dag_orchestration_1.py","logger":"airflow.dag_processing.dagbag.BundleDagBag","filename":"dagbag.py","lineno":460}
{"timestamp":"2026-08-08T12:09:19.505190Z","level":"info","event":"Filling up the DagBag from /opt/airflow/dags/dag_orchestration_1.py","logger":"airflow.dag_processing.dagbag.BundleDagBag","filename":"dagbag.py","lineno":460}
{"timestamp":"2026-08-08T12:09:50.112253Z","level":"info","event":"Filling up the DagBag from /opt/airflow/dags/dag_orchestration_1.py","logger":"airflow.dag_processing.dagbag.BundleDagBag","filename":"dagbag.py","lineno":460}
{"timestamp":"2026-08-08T12:10:21.462704Z","level":"info","event":"Filling up the DagBag from /opt/airflow/dags/dag_orchestration_1.py","logger":"airflow.dag_processing.dagbag.BundleDagBag","filename":"dagbag.py","lineno":460}
{"timestamp":"2026-08-08T12:10:52.799534Z","level":"info","event":"Filling up the DagBag from /opt/airflow/dags/dag_orchestration_1.py","logger":"airflow.dag_processing.dagbag.BundleDagBag","filename":"dagbag.py","lineno":460}
{"timestamp":"2026-08-08T12:11:23.548939Z","level":"info","event":"Filling up the DagBag from /opt/airflow/dags/dag_orchestration_1.py","logger":"airflow.dag_processing.dagbag.BundleDagBag","filename":"dagbag.py","lineno":460}
{"timestamp":"2026-08-08T12:11:54.449489Z","level":"info","event":"Filling up the DagBag from /opt/airflow/dags/dag_orchestration_1.py","logger":"airflow.dag_processing.dagbag.BundleDagBag","filename":"dagbag.py","lineno":460}
{"timestamp":"2026-08-08T12:12:25.305432Z","level":"info","event":"Filling up the DagBag from /opt/airflow/dags/dag_orchestration_1.py","logger":"airflow.dag_processing.dagbag.BundleDagBag","filename":"dagbag.py","lineno":460}
{"timestamp":"2026-08-08T12:12:56.288478Z","level":"info","event":"Filling up the DagBag from /opt/airflow/dags/dag_orchestration_1.py","logger":"airflow.dag_processing.dagbag.BundleDagBag","filename":"dagbag.py","lineno":460}
{"timestamp":"2026-08-08T12:13:27.220650Z","level":"info","event":"Filling up the DagBag from /opt/airflow/dags/dag_orchestration_1.py","logger":"airflow.dag_processing.dagbag.BundleDagBag","filename":"dagbag.py","lineno":460}
{"timestamp":"2026-08-08T12:13:58.115416Z","level":"info","event":"Filling up the DagBag from /opt/airflow/dags/dag_orchestration_1.py","logger":"airflow.dag_processing.dagbag.BundleDagBag","filename":"dagbag.py","lineno":460}
{"timestamp":"2026-08-08T12:14:29.480465Z","level":"info","event":"Filling up the DagBag from /opt/airflow/dags/dag_orchestration_1.py","logger":"airflow.dag_processing.dagbag.BundleDagBag","filename":"dagbag.py","lineno":460}
{"timestamp":"2026-08-08T12:15:00.966742Z","level":"info","event":"Filling up the DagBag from /opt/airflow/dags/dag_orchestration_1.py","logger":"airflow.dag_processing.dagbag.BundleDagBag","filename":"dagbag.py","lineno":460}
{"timestamp":"2026-08-08T12:15:31.530770Z","level":"info","event":"Filling up the DagBag from /opt/airflow/dags/dag_orchestration_1.py","logger":"airflow.dag_processing.dagbag.BundleDagBag","filename":"dagbag.py","lineno":460}
{"timestamp":"2026-08-08T12:16:02.601872Z","level":"info","event":"Filling up the DagBag from /opt/airflow/dags/dag_orchestration_1.py","logger":"airflow.dag_processing.dagbag.BundleDagBag","filename":"dagbag.py","lineno":460}
{"timestamp":"2026-08-08T12:16:33.286616Z","level":"info","event":"Filling up the DagBag from /opt/airflow/dags/dag_orchestration_1.py","logger":"airflow.dag_processing.dagbag.BundleDagBag","filename":"dagbag.py","lineno":460}
{"timestamp":"2026-08-08T12:17:04.796735Z","level":"info","event":"Filling up the DagBag from /opt/airflow/dags/dag_orchestration_1.py","logger":"airflow.dag_processing.dagbag.BundleDagBag","filename":"dagbag.py","lineno":460}
{"timestamp":"2026-08-08T12:17:35.954983Z","level":"info","event":"Filling up the DagBag from /opt/airflow/dags/dag_orchestration_1.py","logger":"airflow.dag_processing.dagbag.BundleDagBag","filename":"dagbag.py","lineno":460}
{"timestamp":"2026-08-08T12:18:06.920161Z","level":"info","event":"Filling up the DagBag from /opt/airflow/dags/dag_orchestration_1.py","logger":"airflow.dag_processing.dagbag.BundleDagBag","filename":"dagbag.py","lineno":460}
{"timestamp":"2026-08-08T12:18:38.141950Z","level":"info","event":"Filling up the DagBag from /opt/airflow/dags/dag_orchestration_1.py","logger":"airflow.dag_processing.dagbag.BundleDagBag","filename":"dagbag.py","lineno":460}
{"timestamp":"2026-08-08T12:19:08.900720Z","level":"info","event":"Filling up the DagBag from /opt/airflow/dags/dag_orchestration_1.py","logger":"airflow.dag_processing.dagbag.BundleDagBag","filename":"dagbag.py","lineno":460}
{"timestamp":"2026-08-08T12:19:40.275002Z","level":"info","event":"Filling up the DagBag from /opt/airflow/dags/dag_orchestration_1.py","logger":"airflow.dag_processing.dagbag.BundleDagBag","filename":"dagbag.py","lineno":460}
{"timestamp":"2026-08-08T12:20:11.146396Z","level":"info","event":"Filling up the DagBag from /opt/airflow/dags/dag_orchestration_1.py","logger":"airflow.dag_processing.dagbag.BundleDagBag","filename":"dagbag.py","lineno":460}
{"timestamp":"2026-08-08T12:20:41.693805Z","level":"info","event":"Filling up the DagBag from /opt/airflow/dags/dag_orchestration_1.py","logger":"airflow.dag_processing.dagbag.BundleDagBag","filename":"dagbag.py","lineno":460}
{"timestamp":"2026-08-08T12:21:12.811514Z","level":"info","event":"Filling up the DagBag from /opt/airflow/dags/dag_orchestration_1.py","logger":"airflow.dag_processing.dagbag.BundleDagBag","filename":"dagbag.py","lineno":460}
{"timestamp":"2026-08-08T12:21:43.666466Z","level":"info","event":"Filling up the DagBag from /opt/airflow/dags/dag_orchestration_1.py","logger":"airflow.dag_processing.dagbag.BundleDagBag","filename":"dagbag.py","lineno":460}
{"timestamp":"2026-08-08T12:22:14.536351Z","level":"info","event":"Filling up the DagBag from /opt/airflow/dags/dag_orchestration_1.py","logger":"airflow.dag_processing.dagbag.BundleDagBag","filename":"dagbag.py","lineno":460}
{"timestamp":"2026-08-08T12:22:36.370735Z","level":"info","event":"Filling up the DagBag from /opt/airflow/dags/dag_orchestration_1.py","logger":"airflow.dag_processing.dagbag.BundleDagBag","filename":"dagbag.py","lineno":460}
{"timestamp":"2026-08-08T12:22:46.009320Z","level":"info","event":"Filling up the DagBag from /opt/airflow/dags/dag_orchestration_1.py","logger":"airflow.dag_processing.dagbag.BundleDagBag","filename":"dagbag.py","lineno":460}
{"timestamp":"2026-08-08T12:22:46.053474Z","level":"error","event":"Failed to import: /opt/airflow/dags/dag_orchestration_1.py","logger":"airflow.dag_processing.importers.python_importer","filename":"python_importer.py","lineno":244,"error_detail":[{"exc_type":"SyntaxError","exc_value":"expected ':' (dag_orchestration_1.py, line 12)","exc_notes":[],"syntax_error":{"offset":15,"filename":"/opt/airflow/dags/dag_orchestration_1.py","line":"        with o\n","lineno":12,"msg":"expected ':'"},"is_cause":false,"frames":[{"filename":"/home/airflow/.local/lib/python3.13/site-packages/airflow/dag_processing/importers/python_importer.py","lineno":238,"name":"parse"},{"filename":"<frozen importlib._bootstrap_external>","lineno":1019,"name":"exec_module"},{"filename":"<frozen importlib._bootstrap_external>","lineno":1157,"name":"get_code"},{"filename":"<frozen importlib._bootstrap_external>","lineno":1087,"name":"source_to_code"},{"filename":"<frozen importlib._bootstrap>","lineno":488,"name":"_call_with_frames_removed"}],"is_group":false,"exceptions":[]}]}
{"timestamp":"2026-08-08T12:22:46.058694Z","level":"error","event":"Error loading DAG from dag_orchestration_1.py: expected ':' (dag_orchestration_1.py, line 12)","logger":"airflow.dag_processing.dagbag.BundleDagBag","filename":"dagbag.py","lineno":319}
{"timestamp":"2026-08-08T12:23:16.649617Z","level":"info","event":"Filling up the DagBag from /opt/airflow/dags/dag_orchestration_1.py","logger":"airflow.dag_processing.dagbag.BundleDagBag","filename":"dagbag.py","lineno":460}
{"timestamp":"2026-08-08T12:23:16.672932Z","level":"error","event":"Failed to import: /opt/airflow/dags/dag_orchestration_1.py","logger":"airflow.dag_processing.importers.python_importer","filename":"python_importer.py","lineno":244,"error_detail":[{"exc_type":"IndentationError","exc_value":"expected an indented block after 'with' statement on line 12 (dag_orchestration_1.py, line 14)","exc_notes":[],"syntax_error":{"offset":9,"filename":"/opt/airflow/dags/dag_orchestration_1.py","line":"        print(\"This is the first task.\")\n","lineno":14,"msg":"expected an indented block after 'with' statement on line 12"},"is_cause":false,"frames":[{"filename":"/home/airflow/.local/lib/python3.13/site-packages/airflow/dag_processing/importers/python_importer.py","lineno":238,"name":"parse"},{"filename":"<frozen importlib._bootstrap_external>","lineno":1019,"name":"exec_module"},{"filename":"<frozen importlib._bootstrap_external>","lineno":1157,"name":"get_code"},{"filename":"<frozen importlib._bootstrap_external>","lineno":1087,"name":"source_to_code"},{"filename":"<frozen importlib._bootstrap>","lineno":488,"name":"_call_with_frames_removed"}],"is_group":false,"exceptions":[]}]}
{"timestamp":"2026-08-08T12:23:16.674433Z","level":"error","event":"Error loading DAG from dag_orchestration_1.py: expected an indented block after 'with' statement on line 12 (dag_orchestration_1.py, line 14)","logger":"airflow.dag_processing.dagbag.BundleDagBag","filename":"dagbag.py","lineno":319}
{"timestamp":"2026-08-08T12:23:29.833564Z","level":"info","event":"Filling up the DagBag from /opt/airflow/dags/dag_orchestration_1.py","logger":"airflow.dag_processing.dagbag.BundleDagBag","filename":"dagbag.py","lineno":460}
{"timestamp":"2026-08-08T12:23:29.860024Z","level":"error","event":"Failed to import: /opt/airflow/dags/dag_orchestration_1.py","logger":"airflow.dag_processing.importers.python_importer","filename":"python_importer.py","lineno":244,"error_detail":[{"exc_type":"IndentationError","exc_value":"expected an indented block after 'with' statement on line 12 (dag_orchestration_1.py, line 14)","exc_notes":[],"syntax_error":{"offset":9,"filename":"/opt/airflow/dags/dag_orchestration_1.py","line":"        print(\"This is the first task.\")\n","lineno":14,"msg":"expected an indented block after 'with' statement on line 12"},"is_cause":false,"frames":[{"filename":"/home/airflow/.local/lib/python3.13/site-packages/airflow/dag_processing/importers/python_importer.py","lineno":238,"name":"parse"},{"filename":"<frozen importlib._bootstrap_external>","lineno":1019,"name":"exec_module"},{"filename":"<frozen importlib._bootstrap_external>","lineno":1157,"name":"get_code"},{"filename":"<frozen importlib._bootstrap_external>","lineno":1087,"name":"source_to_code"},{"filename":"<frozen importlib._bootstrap>","lineno":488,"name":"_call_with_frames_removed"}],"is_group":false,"exceptions":[]}]}
{"timestamp":"2026-08-08T12:23:29.861278Z","level":"error","event":"Error loading DAG from dag_orchestration_1.py: expected an indented block after 'with' statement on line 12 (dag_orchestration_1.py, line 14)","logger":"airflow.dag_processing.dagbag.BundleDagBag","filename":"dagbag.py","lineno":319}
{"timestamp":"2026-08-08T12:23:37.188576Z","level":"info","event":"Filling up the DagBag from /opt/airflow/dags/dag_orchestration_1.py","logger":"airflow.dag_processing.dagbag.BundleDagBag","filename":"dagbag.py","lineno":460}
{"timestamp":"2026-08-08T12:23:37.218047Z","level":"error","event":"Failed to import: /opt/airflow/dags/dag_orchestration_1.py","logger":"airflow.dag_processing.importers.python_importer","filename":"python_importer.py","lineno":244,"error_detail":[{"exc_type":"IndentationError","exc_value":"expected an indented block after 'with' statement on line 12 (dag_orchestration_1.py, line 14)","exc_notes":[],"syntax_error":{"offset":9,"filename":"/opt/airflow/dags/dag_orchestration_1.py","line":"        print(\"This is the first task.\")\n","lineno":14,"msg":"expected an indented block after 'with' statement on line 12"},"is_cause":false,"frames":[{"filename":"/home/airflow/.local/lib/python3.13/site-packages/airflow/dag_processing/importers/python_importer.py","lineno":238,"name":"parse"},{"filename":"<frozen importlib._bootstrap_external>","lineno":1019,"name":"exec_module"},{"filename":"<frozen importlib._bootstrap_external>","lineno":1157,"name":"get_code"},{"filename":"<frozen importlib._bootstrap_external>","lineno":1087,"name":"source_to_code"},{"filename":"<frozen importlib._bootstrap>","lineno":488,"name":"_call_with_frames_removed"}],"is_group":false,"exceptions":[]}]}
{"timestamp":"2026-08-08T12:23:37.221210Z","level":"error","event":"Error loading DAG from dag_orchestration_1.py: expected an indented block after 'with' statement on line 12 (dag_orchestration_1.py, line 14)","logger":"airflow.dag_processing.dagbag.BundleDagBag","filename":"dagbag.py","lineno":319}
{"timestamp":"2026-08-08T12:23:39.368780Z","level":"info","event":"Filling up the DagBag from /opt/airflow/dags/dag_orchestration_1.py","logger":"airflow.dag_processing.dagbag.BundleDagBag","filename":"dagbag.py","lineno":460}
{"timestamp":"2026-08-08T12:23:39.396097Z","level":"error","event":"Failed to import: /opt/airflow/dags/dag_orchestration_1.py","logger":"airflow.dag_processing.importers.python_importer","filename":"python_importer.py","lineno":244,"error_detail":[{"exc_type":"IndentationError","exc_value":"expected an indented block after 'with' statement on line 12 (dag_orchestration_1.py, line 13)","exc_notes":[],"syntax_error":{"offset":9,"filename":"/opt/airflow/dags/dag_orchestration_1.py","line":"        print(\"This is the first task.\")\n","lineno":13,"msg":"expected an indented block after 'with' statement on line 12"},"is_cause":false,"frames":[{"filename":"/home/airflow/.local/lib/python3.13/site-packages/airflow/dag_processing/importers/python_importer.py","lineno":238,"name":"parse"},{"filename":"<frozen importlib._bootstrap_external>","lineno":1019,"name":"exec_module"},{"filename":"<frozen importlib._bootstrap_external>","lineno":1157,"name":"get_code"},{"filename":"<frozen importlib._bootstrap_external>","lineno":1087,"name":"source_to_code"},{"filename":"<frozen importlib._bootstrap>","lineno":488,"name":"_call_with_frames_removed"}],"is_group":false,"exceptions":[]}]}
{"timestamp":"2026-08-08T12:23:39.398521Z","level":"error","event":"Error loading DAG from dag_orchestration_1.py: expected an indented block after 'with' statement on line 12 (dag_orchestration_1.py, line 13)","logger":"airflow.dag_processing.dagbag.BundleDagBag","filename":"dagbag.py","lineno":319}
{"timestamp":"2026-08-08T12:23:40.574598Z","level":"info","event":"Filling up the DagBag from /opt/airflow/dags/dag_orchestration_1.py","logger":"airflow.dag_processing.dagbag.BundleDagBag","filename":"dagbag.py","lineno":460}
{"timestamp":"2026-08-08T12:23:51.255488Z","level":"info","event":"Filling up the DagBag from /opt/airflow/dags/dag_orchestration_1.py","logger":"airflow.dag_processing.dagbag.BundleDagBag","filename":"dagbag.py","lineno":460}
{"timestamp":"2026-08-08T12:24:05.184429Z","level":"info","event":"Filling up the DagBag from /opt/airflow/dags/dag_orchestration_1.py","logger":"airflow.dag_processing.dagbag.BundleDagBag","filename":"dagbag.py","lineno":460}
{"timestamp":"2026-08-08T12:24:05.207894Z","level":"error","event":"Failed to import: /opt/airflow/dags/dag_orchestration_1.py","logger":"airflow.dag_processing.importers.python_importer","filename":"python_importer.py","lineno":244,"error_detail":[{"exc_type":"IndentationError","exc_value":"unindent does not match any outer indentation level (dag_orchestration_1.py, line 18)","exc_notes":[],"syntax_error":{"offset":49,"filename":"/opt/airflow/dags/dag_orchestration_1.py","line":"            f.write(\"This is the first task.\\n\")\n","lineno":18,"msg":"unindent does not match any outer indentation level"},"is_cause":false,"frames":[{"filename":"/home/airflow/.local/lib/python3.13/site-packages/airflow/dag_processing/importers/python_importer.py","lineno":238,"name":"parse"},{"filename":"<frozen importlib._bootstrap_external>","lineno":1019,"name":"exec_module"},{"filename":"<frozen importlib._bootstrap_external>","lineno":1157,"name":"get_code"},{"filename":"<frozen importlib._bootstrap_external>","lineno":1087,"name":"source_to_code"},{"filename":"<frozen importlib._bootstrap>","lineno":488,"name":"_call_with_frames_removed"}],"is_group":false,"exceptions":[]}]}
{"timestamp":"2026-08-08T12:24:05.209145Z","level":"error","event":"Error loading DAG from dag_orchestration_1.py: unindent does not match any outer indentation level (dag_orchestration_1.py, line 18)","logger":"airflow.dag_processing.dagbag.BundleDagBag","filename":"dagbag.py","lineno":319}
{"timestamp":"2026-08-08T12:24:08.507463Z","level":"info","event":"Filling up the DagBag from /opt/airflow/dags/dag_orchestration_1.py","logger":"airflow.dag_processing.dagbag.BundleDagBag","filename":"dagbag.py","lineno":460}
{"timestamp":"2026-08-08T12:24:14.933837Z","level":"info","event":"Filling up the DagBag from /opt/airflow/dags/dag_orchestration_1.py","logger":"airflow.dag_processing.dagbag.BundleDagBag","filename":"dagbag.py","lineno":460}
{"timestamp":"2026-08-08T12:24:30.976208Z","level":"info","event":"Filling up the DagBag from /opt/airflow/dags/dag_orchestration_1.py","logger":"airflow.dag_processing.dagbag.BundleDagBag","filename":"dagbag.py","lineno":460}
{"timestamp":"2026-08-08T12:24:32.194007Z","level":"info","event":"Filling up the DagBag from /opt/airflow/dags/dag_orchestration_1.py","logger":"airflow.dag_processing.dagbag.BundleDagBag","filename":"dagbag.py","lineno":460}
{"timestamp":"2026-08-08T12:24:43.728640Z","level":"info","event":"Filling up the DagBag from /opt/airflow/dags/dag_orchestration_1.py","logger":"airflow.dag_processing.dagbag.BundleDagBag","filename":"dagbag.py","lineno":460}
{"timestamp":"2026-08-08T12:24:47.013836Z","level":"info","event":"Filling up the DagBag from /opt/airflow/dags/dag_orchestration_1.py","logger":"airflow.dag_processing.dagbag.BundleDagBag","filename":"dagbag.py","lineno":460}
{"timestamp":"2026-08-08T12:24:53.964199Z","level":"info","event":"Filling up the DagBag from /opt/airflow/dags/dag_orchestration_1.py","logger":"airflow.dag_processing.dagbag.BundleDagBag","filename":"dagbag.py","lineno":460}
{"timestamp":"2026-08-08T12:25:24.758442Z","level":"info","event":"Filling up the DagBag from /opt/airflow/dags/dag_orchestration_1.py","logger":"airflow.dag_processing.dagbag.BundleDagBag","filename":"dagbag.py","lineno":460}
{"timestamp":"2026-08-08T12:25:55.947552Z","level":"info","event":"Filling up the DagBag from /opt/airflow/dags/dag_orchestration_1.py","logger":"airflow.dag_processing.dagbag.BundleDagBag","filename":"dagbag.py","lineno":460}
{"timestamp":"2026-08-08T12:26:27.034659Z","level":"info","event":"Filling up the DagBag from /opt/airflow/dags/dag_orchestration_1.py","logger":"airflow.dag_processing.dagbag.BundleDagBag","filename":"dagbag.py","lineno":460}
{"timestamp":"2026-08-08T12:26:57.285234Z","level":"info","event":"Filling up the DagBag from /opt/airflow/dags/dag_orchestration_1.py","logger":"airflow.dag_processing.dagbag.BundleDagBag","filename":"dagbag.py","lineno":460}
{"timestamp":"2026-08-08T12:27:27.748854Z","level":"info","event":"Filling up the DagBag from /opt/airflow/dags/dag_orchestration_1.py","logger":"airflow.dag_processing.dagbag.BundleDagBag","filename":"dagbag.py","lineno":460}
{"timestamp":"2026-08-08T12:27:57.985593Z","level":"info","event":"Filling up the DagBag from /opt/airflow/dags/dag_orchestration_1.py","logger":"airflow.dag_processing.dagbag.BundleDagBag","filename":"dagbag.py","lineno":460}
{"timestamp":"2026-08-08T12:28:28.662194Z","level":"info","event":"Filling up the DagBag from /opt/airflow/dags/dag_orchestration_1.py","logger":"airflow.dag_processing.dagbag.BundleDagBag","filename":"dagbag.py","lineno":460}
{"timestamp":"2026-08-08T12:28:58.948491Z","level":"info","event":"Filling up the DagBag from /opt/airflow/dags/dag_orchestration_1.py","logger":"airflow.dag_processing.dagbag.BundleDagBag","filename":"dagbag.py","lineno":460}
{"timestamp":"2026-08-08T12:29:29.317036Z","level":"info","event":"Filling up the DagBag from /opt/airflow/dags/dag_orchestration_1.py","logger":"airflow.dag_processing.dagbag.BundleDagBag","filename":"dagbag.py","lineno":460}
{"timestamp":"2026-08-08T12:29:32.213619Z","level":"info","event":"Filling up the DagBag from /opt/airflow/dags/dag_orchestration_1.py","logger":"airflow.dag_processing.dagbag.BundleDagBag","filename":"dagbag.py","lineno":460}
{"timestamp":"2026-08-08T12:29:37.523747Z","level":"info","event":"Filling up the DagBag from /opt/airflow/dags/dag_orchestration_1.py","logger":"airflow.dag_processing.dagbag.BundleDagBag","filename":"dagbag.py","lineno":460}
{"timestamp":"2026-08-08T12:30:07.817805Z","level":"info","event":"Filling up the DagBag from /opt/airflow/dags/dag_orchestration_1.py","logger":"airflow.dag_processing.dagbag.BundleDagBag","filename":"dagbag.py","lineno":460}
{"timestamp":"2026-08-08T12:30:38.080475Z","level":"info","event":"Filling up the DagBag from /opt/airflow/dags/dag_orchestration_1.py","logger":"airflow.dag_processing.dagbag.BundleDagBag","filename":"dagbag.py","lineno":460}
{"timestamp":"2026-08-08T12:31:08.266658Z","level":"info","event":"Filling up the DagBag from /opt/airflow/dags/dag_orchestration_1.py","logger":"airflow.dag_processing.dagbag.BundleDagBag","filename":"dagbag.py","lineno":460}
{"timestamp":"2026-08-08T12:31:38.779967Z","level":"info","event":"Filling up the DagBag from /opt/airflow/dags/dag_orchestration_1.py","logger":"airflow.dag_processing.dagbag.BundleDagBag","filename":"dagbag.py","lineno":460}
{"timestamp":"2026-08-08T12:32:09.158796Z","level":"info","event":"Filling up the DagBag from /opt/airflow/dags/dag_orchestration_1.py","logger":"airflow.dag_processing.dagbag.BundleDagBag","filename":"dagbag.py","lineno":460}
{"timestamp":"2026-08-08T12:32:39.488675Z","level":"info","event":"Filling up the DagBag from /opt/airflow/dags/dag_orchestration_1.py","logger":"airflow.dag_processing.dagbag.BundleDagBag","filename":"dagbag.py","lineno":460}
{"timestamp":"2026-08-08T12:33:09.931207Z","level":"info","event":"Filling up the DagBag from /opt/airflow/dags/dag_orchestration_1.py","logger":"airflow.dag_processing.dagbag.BundleDagBag","filename":"dagbag.py","lineno":460}
{"timestamp":"2026-08-08T12:33:40.199699Z","level":"info","event":"Filling up the DagBag from /opt/airflow/dags/dag_orchestration_1.py","logger":"airflow.dag_processing.dagbag.BundleDagBag","filename":"dagbag.py","lineno":460}
{"timestamp":"2026-08-08T12:34:10.515219Z","level":"info","event":"Filling up the DagBag from /opt/airflow/dags/dag_orchestration_1.py","logger":"airflow.dag_processing.dagbag.BundleDagBag","filename":"dagbag.py","lineno":460}
{"timestamp":"2026-08-08T12:34:40.989461Z","level":"info","event":"Filling up the DagBag from /opt/airflow/dags/dag_orchestration_1.py","logger":"airflow.dag_processing.dagbag.BundleDagBag","filename":"dagbag.py","lineno":460}
{"timestamp":"2026-08-08T12:35:11.738559Z","level":"info","event":"Filling up the DagBag from /opt/airflow/dags/dag_orchestration_1.py","logger":"airflow.dag_processing.dagbag.BundleDagBag","filename":"dagbag.py","lineno":460}
{"timestamp":"2026-08-08T12:35:42.667893Z","level":"info","event":"Filling up the DagBag from /opt/airflow/dags/dag_orchestration_1.py","logger":"airflow.dag_processing.dagbag.BundleDagBag","filename":"dagbag.py","lineno":460}
{"timestamp":"2026-08-08T12:36:13.467110Z","level":"info","event":"Filling up the DagBag from /opt/airflow/dags/dag_orchestration_1.py","logger":"airflow.dag_processing.dagbag.BundleDagBag","filename":"dagbag.py","lineno":460}
{"timestamp":"2026-08-08T12:36:43.761424Z","level":"info","event":"Filling up the DagBag from /opt/airflow/dags/dag_orchestration_1.py","logger":"airflow.dag_processing.dagbag.BundleDagBag","filename":"dagbag.py","lineno":460}
{"timestamp":"2026-08-08T12:37:14.599769Z","level":"info","event":"Filling up the DagBag from /opt/airflow/dags/dag_orchestration_1.py","logger":"airflow.dag_processing.dagbag.BundleDagBag","filename":"dagbag.py","lineno":460}
{"timestamp":"2026-08-08T12:37:45.699260Z","level":"info","event":"Filling up the DagBag from /opt/airflow/dags/dag_orchestration_1.py","logger":"airflow.dag_processing.dagbag.BundleDagBag","filename":"dagbag.py","lineno":460}
{"timestamp":"2026-08-08T12:38:16.472086Z","level":"info","event":"Filling up the DagBag from /opt/airflow/dags/dag_orchestration_1.py","logger":"airflow.dag_processing.dagbag.BundleDagBag","filename":"dagbag.py","lineno":460}
{"timestamp":"2026-08-08T12:38:47.820374Z","level":"info","event":"Filling up the DagBag from /opt/airflow/dags/dag_orchestration_1.py","logger":"airflow.dag_processing.dagbag.BundleDagBag","filename":"dagbag.py","lineno":460}
{"timestamp":"2026-08-08T12:39:18.709288Z","level":"info","event":"Filling up the DagBag from /opt/airflow/dags/dag_orchestration_1.py","logger":"airflow.dag_processing.dagbag.BundleDagBag","filename":"dagbag.py","lineno":460}
{"timestamp":"2026-08-08T12:39:49.424488Z","level":"info","event":"Filling up the DagBag from /opt/airflow/dags/dag_orchestration_1.py","logger":"airflow.dag_processing.dagbag.BundleDagBag","filename":"dagbag.py","lineno":460}
{"timestamp":"2026-08-08T12:40:20.533749Z","level":"info","event":"Filling up the DagBag from /opt/airflow/dags/dag_orchestration_1.py","logger":"airflow.dag_processing.dagbag.BundleDagBag","filename":"dagbag.py","lineno":460}
{"timestamp":"2026-08-08T12:40:51.907887Z","level":"info","event":"Filling up the DagBag from /opt/airflow/dags/dag_orchestration_1.py","logger":"airflow.dag_processing.dagbag.BundleDagBag","filename":"dagbag.py","lineno":460}
{"timestamp":"2026-08-08T12:41:22.605477Z","level":"info","event":"Filling up the DagBag from /opt/airflow/dags/dag_orchestration_1.py","logger":"airflow.dag_processing.dagbag.BundleDagBag","filename":"dagbag.py","lineno":460}
{"timestamp":"2026-08-08T12:41:54.100710Z","level":"info","event":"Filling up the DagBag from /opt/airflow/dags/dag_orchestration_1.py","logger":"airflow.dag_processing.dagbag.BundleDagBag","filename":"dagbag.py","lineno":460}
{"timestamp":"2026-08-08T12:42:24.695808Z","level":"info","event":"Filling up the DagBag from /opt/airflow/dags/dag_orchestration_1.py","logger":"airflow.dag_processing.dagbag.BundleDagBag","filename":"dagbag.py","lineno":460}
{"timestamp":"2026-08-08T12:42:55.993229Z","level":"info","event":"Filling up the DagBag from /opt/airflow/dags/dag_orchestration_1.py","logger":"airflow.dag_processing.dagbag.BundleDagBag","filename":"dagbag.py","lineno":460}
{"timestamp":"2026-08-08T12:43:26.739931Z","level":"info","event":"Filling up the DagBag from /opt/airflow/dags/dag_orchestration_1.py","logger":"airflow.dag_processing.dagbag.BundleDagBag","filename":"dagbag.py","lineno":460}
{"timestamp":"2026-08-08T12:43:57.107159Z","level":"info","event":"Filling up the DagBag from /opt/airflow/dags/dag_orchestration_1.py","logger":"airflow.dag_processing.dagbag.BundleDagBag","filename":"dagbag.py","lineno":460}
{"timestamp":"2026-08-08T12:44:28.747627Z","level":"info","event":"Filling up the DagBag from /opt/airflow/dags/dag_orchestration_1.py","logger":"airflow.dag_processing.dagbag.BundleDagBag","filename":"dagbag.py","lineno":460}
{"timestamp":"2026-08-08T12:44:59.973646Z","level":"info","event":"Filling up the DagBag from /opt/airflow/dags/dag_orchestration_1.py","logger":"airflow.dag_processing.dagbag.BundleDagBag","filename":"dagbag.py","lineno":460}
{"timestamp":"2026-08-08T12:45:31.261539Z","level":"info","event":"Filling up the DagBag from /opt/airflow/dags/dag_orchestration_1.py","logger":"airflow.dag_processing.dagbag.BundleDagBag","filename":"dagbag.py","lineno":460}
{"timestamp":"2026-08-08T12:46:02.059422Z","level":"info","event":"Filling up the DagBag from /opt/airflow/dags/dag_orchestration_1.py","logger":"airflow.dag_processing.dagbag.BundleDagBag","filename":"dagbag.py","lineno":460}
{"timestamp":"2026-08-08T12:46:33.119121Z","level":"info","event":"Filling up the DagBag from /opt/airflow/dags/dag_orchestration_1.py","logger":"airflow.dag_processing.dagbag.BundleDagBag","filename":"dagbag.py","lineno":460}
{"timestamp":"2026-08-08T12:47:04.196698Z","level":"info","event":"Filling up the DagBag from /opt/airflow/dags/dag_orchestration_1.py","logger":"airflow.dag_processing.dagbag.BundleDagBag","filename":"dagbag.py","lineno":460}
{"timestamp":"2026-08-08T12:47:35.346431Z","level":"info","event":"Filling up the DagBag from /opt/airflow/dags/dag_orchestration_1.py","logger":"airflow.dag_processing.dagbag.BundleDagBag","filename":"dagbag.py","lineno":460}
{"timestamp":"2026-08-08T12:48:06.265986Z","level":"info","event":"Filling up the DagBag from /opt/airflow/dags/dag_orchestration_1.py","logger":"airflow.dag_processing.dagbag.BundleDagBag","filename":"dagbag.py","lineno":460}
{"timestamp":"2026-08-08T12:48:37.339933Z","level":"info","event":"Filling up the DagBag from /opt/airflow/dags/dag_orchestration_1.py","logger":"airflow.dag_processing.dagbag.BundleDagBag","filename":"dagbag.py","lineno":460}
{"timestamp":"2026-08-08T12:49:08.800952Z","level":"info","event":"Filling up the DagBag from /opt/airflow/dags/dag_orchestration_1.py","logger":"airflow.dag_processing.dagbag.BundleDagBag","filename":"dagbag.py","lineno":460}
{"timestamp":"2026-08-08T12:49:39.670347Z","level":"info","event":"Filling up the DagBag from /opt/airflow/dags/dag_orchestration_1.py","logger":"airflow.dag_processing.dagbag.BundleDagBag","filename":"dagbag.py","lineno":460}
{"timestamp":"2026-08-08T12:50:10.438310Z","level":"info","event":"Filling up the DagBag from /opt/airflow/dags/dag_orchestration_1.py","logger":"airflow.dag_processing.dagbag.BundleDagBag","filename":"dagbag.py","lineno":460}
{"timestamp":"2026-08-08T12:50:41.556300Z","level":"info","event":"Filling up the DagBag from /opt/airflow/dags/dag_orchestration_1.py","logger":"airflow.dag_processing.dagbag.BundleDagBag","filename":"dagbag.py","lineno":460}
{"timestamp":"2026-08-08T12:51:12.460560Z","level":"info","event":"Filling up the DagBag from /opt/airflow/dags/dag_orchestration_1.py","logger":"airflow.dag_processing.dagbag.BundleDagBag","filename":"dagbag.py","lineno":460}
{"timestamp":"2026-08-08T12:51:43.749008Z","level":"info","event":"Filling up the DagBag from /opt/airflow/dags/dag_orchestration_1.py","logger":"airflow.dag_processing.dagbag.BundleDagBag","filename":"dagbag.py","lineno":460}
{"timestamp":"2026-08-08T12:52:14.432145Z","level":"info","event":"Filling up the DagBag from /opt/airflow/dags/dag_orchestration_1.py","logger":"airflow.dag_processing.dagbag.BundleDagBag","filename":"dagbag.py","lineno":460}
{"timestamp":"2026-08-08T12:52:45.556997Z","level":"info","event":"Filling up the DagBag from /opt/airflow/dags/dag_orchestration_1.py","logger":"airflow.dag_processing.dagbag.BundleDagBag","filename":"dagbag.py","lineno":460}
{"timestamp":"2026-08-08T12:53:16.898841Z","level":"info","event":"Filling up the DagBag from /opt/airflow/dags/dag_orchestration_1.py","logger":"airflow.dag_processing.dagbag.BundleDagBag","filename":"dagbag.py","lineno":460}
{"timestamp":"2026-08-08T12:53:47.651306Z","level":"info","event":"Filling up the DagBag from /opt/airflow/dags/dag_orchestration_1.py","logger":"airflow.dag_processing.dagbag.BundleDagBag","filename":"dagbag.py","lineno":460}
{"timestamp":"2026-08-08T12:54:18.775174Z","level":"info","event":"Filling up the DagBag from /opt/airflow/dags/dag_orchestration_1.py","logger":"airflow.dag_processing.dagbag.BundleDagBag","filename":"dagbag.py","lineno":460}
{"timestamp":"2026-08-08T12:54:49.827962Z","level":"info","event":"Filling up the DagBag from /opt/airflow/dags/dag_orchestration_1.py","logger":"airflow.dag_processing.dagbag.BundleDagBag","filename":"dagbag.py","lineno":460}
{"timestamp":"2026-08-08T12:55:20.987395Z","level":"info","event":"Filling up the DagBag from /opt/airflow/dags/dag_orchestration_1.py","logger":"airflow.dag_processing.dagbag.BundleDagBag","filename":"dagbag.py","lineno":460}
{"timestamp":"2026-08-08T12:55:51.792648Z","level":"info","event":"Filling up the DagBag from /opt/airflow/dags/dag_orchestration_1.py","logger":"airflow.dag_processing.dagbag.BundleDagBag","filename":"dagbag.py","lineno":460}
{"timestamp":"2026-08-08T12:56:22.614299Z","level":"info","event":"Filling up the DagBag from /opt/airflow/dags/dag_orchestration_1.py","logger":"airflow.dag_processing.dagbag.BundleDagBag","filename":"dagbag.py","lineno":460}
{"timestamp":"2026-08-08T12:56:54.095981Z","level":"info","event":"Filling up the DagBag from /opt/airflow/dags/dag_orchestration_1.py","logger":"airflow.dag_processing.dagbag.BundleDagBag","filename":"dagbag.py","lineno":460}
{"timestamp":"2026-08-08T12:57:25.098269Z","level":"info","event":"Filling up the DagBag from /opt/airflow/dags/dag_orchestration_1.py","logger":"airflow.dag_processing.dagbag.BundleDagBag","filename":"dagbag.py","lineno":460}
{"timestamp":"2026-08-08T12:57:55.810045Z","level":"info","event":"Filling up the DagBag from /opt/airflow/dags/dag_orchestration_1.py","logger":"airflow.dag_processing.dagbag.BundleDagBag","filename":"dagbag.py","lineno":460}
{"timestamp":"2026-08-08T12:58:27.065771Z","level":"info","event":"Filling up the DagBag from /opt/airflow/dags/dag_orchestration_1.py","logger":"airflow.dag_processing.dagbag.BundleDagBag","filename":"dagbag.py","lineno":460}
{"timestamp":"2026-08-08T12:58:58.435483Z","level":"info","event":"Filling up the DagBag from /opt/airflow/dags/dag_orchestration_1.py","logger":"airflow.dag_processing.dagbag.BundleDagBag","filename":"dagbag.py","lineno":460}
{"timestamp":"2026-08-08T12:59:29.228604Z","level":"info","event":"Filling up the DagBag from /opt/airflow/dags/dag_orchestration_1.py","logger":"airflow.dag_processing.dagbag.BundleDagBag","filename":"dagbag.py","lineno":460}
{"timestamp":"2026-08-08T13:00:00.095230Z","level":"info","event":"Filling up the DagBag from /opt/airflow/dags/dag_orchestration_1.py","logger":"airflow.dag_processing.dagbag.BundleDagBag","filename":"dagbag.py","lineno":460}
{"timestamp":"2026-08-08T13:00:31.165059Z","level":"info","event":"Filling up the DagBag from /opt/airflow/dags/dag_orchestration_1.py","logger":"airflow.dag_processing.dagbag.BundleDagBag","filename":"dagbag.py","lineno":460}
{"timestamp":"2026-08-08T13:01:01.912138Z","level":"info","event":"Filling up the DagBag from /opt/airflow/dags/dag_orchestration_1.py","logger":"airflow.dag_processing.dagbag.BundleDagBag","filename":"dagbag.py","lineno":460}
{"timestamp":"2026-08-08T13:01:33.151965Z","level":"info","event":"Filling up the DagBag from /opt/airflow/dags/dag_orchestration_1.py","logger":"airflow.dag_processing.dagbag.BundleDagBag","filename":"dagbag.py","lineno":460}
{"timestamp":"2026-08-08T13:02:04.297388Z","level":"info","event":"Filling up the DagBag from /opt/airflow/dags/dag_orchestration_1.py","logger":"airflow.dag_processing.dagbag.BundleDagBag","filename":"dagbag.py","lineno":460}
{"timestamp":"2026-08-08T13:02:35.622907Z","level":"info","event":"Filling up the DagBag from /opt/airflow/dags/dag_orchestration_1.py","logger":"airflow.dag_processing.dagbag.BundleDagBag","filename":"dagbag.py","lineno":460}
{"timestamp":"2026-08-08T13:03:06.053219Z","level":"info","event":"Filling up the DagBag from /opt/airflow/dags/dag_orchestration_1.py","logger":"airflow.dag_processing.dagbag.BundleDagBag","filename":"dagbag.py","lineno":460}
{"timestamp":"2026-08-08T13:03:37.581221Z","level":"info","event":"Filling up the DagBag from /opt/airflow/dags/dag_orchestration_1.py","logger":"airflow.dag_processing.dagbag.BundleDagBag","filename":"dagbag.py","lineno":460}
{"timestamp":"2026-08-08T13:04:08.020956Z","level":"info","event":"Filling up the DagBag from /opt/airflow/dags/dag_orchestration_1.py","logger":"airflow.dag_processing.dagbag.BundleDagBag","filename":"dagbag.py","lineno":460}
{"timestamp":"2026-08-08T13:04:38.972835Z","level":"info","event":"Filling up the DagBag from /opt/airflow/dags/dag_orchestration_1.py","logger":"airflow.dag_processing.dagbag.BundleDagBag","filename":"dagbag.py","lineno":460}
{"timestamp":"2026-08-08T13:05:10.206015Z","level":"info","event":"Filling up the DagBag from /opt/airflow/dags/dag_orchestration_1.py","logger":"airflow.dag_processing.dagbag.BundleDagBag","filename":"dagbag.py","lineno":460}
{"timestamp":"2026-08-08T13:05:41.350176Z","level":"info","event":"Filling up the DagBag from /opt/airflow/dags/dag_orchestration_1.py","logger":"airflow.dag_processing.dagbag.BundleDagBag","filename":"dagbag.py","lineno":460}
{"timestamp":"2026-08-08T13:06:12.458325Z","level":"info","event":"Filling up the DagBag from /opt/airflow/dags/dag_orchestration_1.py","logger":"airflow.dag_processing.dagbag.BundleDagBag","filename":"dagbag.py","lineno":460}
{"timestamp":"2026-08-08T13:06:43.078424Z","level":"info","event":"Filling up the DagBag from /opt/airflow/dags/dag_orchestration_1.py","logger":"airflow.dag_processing.dagbag.BundleDagBag","filename":"dagbag.py","lineno":460}
{"timestamp":"2026-08-08T13:07:14.003866Z","level":"info","event":"Filling up the DagBag from /opt/airflow/dags/dag_orchestration_1.py","logger":"airflow.dag_processing.dagbag.BundleDagBag","filename":"dagbag.py","lineno":460}
{"timestamp":"2026-08-08T13:07:45.184509Z","level":"info","event":"Filling up the DagBag from /opt/airflow/dags/dag_orchestration_1.py","logger":"airflow.dag_processing.dagbag.BundleDagBag","filename":"dagbag.py","lineno":460}
{"timestamp":"2026-08-08T13:08:16.301962Z","level":"info","event":"Filling up the DagBag from /opt/airflow/dags/dag_orchestration_1.py","logger":"airflow.dag_processing.dagbag.BundleDagBag","filename":"dagbag.py","lineno":460}
{"timestamp":"2026-08-08T13:08:46.805664Z","level":"info","event":"Filling up the DagBag from /opt/airflow/dags/dag_orchestration_1.py","logger":"airflow.dag_processing.dagbag.BundleDagBag","filename":"dagbag.py","lineno":460}
{"timestamp":"2026-08-08T13:09:17.782732Z","level":"info","event":"Filling up the DagBag from /opt/airflow/dags/dag_orchestration_1.py","logger":"airflow.dag_processing.dagbag.BundleDagBag","filename":"dagbag.py","lineno":460}
{"timestamp":"2026-08-08T13:09:49.061952Z","level":"info","event":"Filling up the DagBag from /opt/airflow/dags/dag_orchestration_1.py","logger":"airflow.dag_processing.dagbag.BundleDagBag","filename":"dagbag.py","lineno":460}
{"timestamp":"2026-08-08T13:10:19.469684Z","level":"info","event":"Filling up the DagBag from /opt/airflow/dags/dag_orchestration_1.py","logger":"airflow.dag_processing.dagbag.BundleDagBag","filename":"dagbag.py","lineno":460}
