{"timestamp":"2026-08-08T11:56:27.898568Z","level":"info","event":"Filling up the DagBag from /opt/airflow/dags/dag_orchestration_2.py","logger":"airflow.dag_processing.dagbag.BundleDagBag","filename":"dagbag.py","lineno":460}
{"timestamp":"2026-08-08T11:56:58.122037Z","level":"info","event":"Filling up the DagBag from /opt/airflow/dags/dag_orchestration_2.py","logger":"airflow.dag_processing.dagbag.BundleDagBag","filename":"dagbag.py","lineno":460}
{"timestamp":"2026-08-08T11:57:01.746413Z","level":"info","event":"Filling up the DagBag from /opt/airflow/dags/dag_orchestration_2.py","logger":"airflow.dag_processing.dagbag.BundleDagBag","filename":"dagbag.py","lineno":460}
{"timestamp":"2026-08-08T11:57:01.823135Z","level":"error","event":"Failed to import: /opt/airflow/dags/dag_orchestration_2.py","logger":"airflow.dag_processing.importers.python_importer","filename":"python_importer.py","lineno":244,"error_detail":[{"exc_type":"NameError","exc_value":"name 'first_dag' is not defined","exc_notes":[],"syntax_error":null,"is_cause":false,"frames":[{"filename":"/home/airflow/.local/lib/python3.13/site-packages/airflow/dag_processing/importers/python_importer.py","lineno":238,"name":"parse"},{"filename":"<frozen importlib._bootstrap_external>","lineno":1023,"name":"exec_module"},{"filename":"<frozen importlib._bootstrap>","lineno":488,"name":"_call_with_frames_removed"},{"filename":"/opt/airflow/dags/dag_orchestration_2.py","lineno":30,"name":"<module>"}],"is_group":false,"exceptions":[]}]}
{"timestamp":"2026-08-08T11:57:01.830899Z","level":"error","event":"Error loading DAG from dag_orchestration_2.py: name 'first_dag' is not defined","logger":"airflow.dag_processing.dagbag.BundleDagBag","filename":"dagbag.py","lineno":319}
{"timestamp":"2026-08-08T11:57:08.107871Z","level":"info","event":"Filling up the DagBag from /opt/airflow/dags/dag_orchestration_2.py","logger":"airflow.dag_processing.dagbag.BundleDagBag","filename":"dagbag.py","lineno":460}
{"timestamp":"2026-08-08T11:57:08.222026Z","level":"error","event":"Failed to import: /opt/airflow/dags/dag_orchestration_2.py","logger":"airflow.dag_processing.importers.python_importer","filename":"python_importer.py","lineno":244,"error_detail":[{"exc_type":"NameError","exc_value":"name 'first_dag' is not defined","exc_notes":[],"syntax_error":null,"is_cause":false,"frames":[{"filename":"/home/airflow/.local/lib/python3.13/site-packages/airflow/dag_processing/importers/python_importer.py","lineno":238,"name":"parse"},{"filename":"<frozen importlib._bootstrap_external>","lineno":1023,"name":"exec_module"},{"filename":"<frozen importlib._bootstrap>","lineno":488,"name":"_call_with_frames_removed"},{"filename":"/opt/airflow/dags/dag_orchestration_2.py","lineno":30,"name":"<module>"}],"is_group":false,"exceptions":[]}]}
{"timestamp":"2026-08-08T11:57:08.230351Z","level":"error","event":"Error loading DAG from dag_orchestration_2.py: name 'first_dag' is not defined","logger":"airflow.dag_processing.dagbag.BundleDagBag","filename":"dagbag.py","lineno":319}
{"timestamp":"2026-08-08T11:57:12.575090Z","level":"info","event":"Filling up the DagBag from /opt/airflow/dags/dag_orchestration_2.py","logger":"airflow.dag_processing.dagbag.BundleDagBag","filename":"dagbag.py","lineno":460}
{"timestamp":"2026-08-08T11:57:43.412700Z","level":"info","event":"Filling up the DagBag from /opt/airflow/dags/dag_orchestration_2.py","logger":"airflow.dag_processing.dagbag.BundleDagBag","filename":"dagbag.py","lineno":460}
{"timestamp":"2026-08-08T11:58:14.516791Z","level":"info","event":"Filling up the DagBag from /opt/airflow/dags/dag_orchestration_2.py","logger":"airflow.dag_processing.dagbag.BundleDagBag","filename":"dagbag.py","lineno":460}
{"timestamp":"2026-08-08T11:58:45.342878Z","level":"info","event":"Filling up the DagBag from /opt/airflow/dags/dag_orchestration_2.py","logger":"airflow.dag_processing.dagbag.BundleDagBag","filename":"dagbag.py","lineno":460}
{"timestamp":"2026-08-08T11:59:16.407455Z","level":"info","event":"Filling up the DagBag from /opt/airflow/dags/dag_orchestration_2.py","logger":"airflow.dag_processing.dagbag.BundleDagBag","filename":"dagbag.py","lineno":460}
{"timestamp":"2026-08-08T11:59:47.386464Z","level":"info","event":"Filling up the DagBag from /opt/airflow/dags/dag_orchestration_2.py","logger":"airflow.dag_processing.dagbag.BundleDagBag","filename":"dagbag.py","lineno":460}
{"timestamp":"2026-08-08T12:00:18.239145Z","level":"info","event":"Filling up the DagBag from /opt/airflow/dags/dag_orchestration_2.py","logger":"airflow.dag_processing.dagbag.BundleDagBag","filename":"dagbag.py","lineno":460}
{"timestamp":"2026-08-08T12:00:49.106332Z","level":"info","event":"Filling up the DagBag from /opt/airflow/dags/dag_orchestration_2.py","logger":"airflow.dag_processing.dagbag.BundleDagBag","filename":"dagbag.py","lineno":460}
{"timestamp":"2026-08-08T12:01:19.846223Z","level":"info","event":"Filling up the DagBag from /opt/airflow/dags/dag_orchestration_2.py","logger":"airflow.dag_processing.dagbag.BundleDagBag","filename":"dagbag.py","lineno":460}
{"timestamp":"2026-08-08T12:01:50.604741Z","level":"info","event":"Filling up the DagBag from /opt/airflow/dags/dag_orchestration_2.py","logger":"airflow.dag_processing.dagbag.BundleDagBag","filename":"dagbag.py","lineno":460}
{"timestamp":"2026-08-08T12:02:21.026601Z","level":"info","event":"Filling up the DagBag from /opt/airflow/dags/dag_orchestration_2.py","logger":"airflow.dag_processing.dagbag.BundleDagBag","filename":"dagbag.py","lineno":460}
{"timestamp":"2026-08-08T12:02:52.038201Z","level":"info","event":"Filling up the DagBag from /opt/airflow/dags/dag_orchestration_2.py","logger":"airflow.dag_processing.dagbag.BundleDagBag","filename":"dagbag.py","lineno":460}
{"timestamp":"2026-08-08T12:03:22.988037Z","level":"info","event":"Filling up the DagBag from /opt/airflow/dags/dag_orchestration_2.py","logger":"airflow.dag_processing.dagbag.BundleDagBag","filename":"dagbag.py","lineno":460}
{"timestamp":"2026-08-08T12:03:53.551668Z","level":"info","event":"Filling up the DagBag from /opt/airflow/dags/dag_orchestration_2.py","logger":"airflow.dag_processing.dagbag.BundleDagBag","filename":"dagbag.py","lineno":460}
{"timestamp":"2026-08-08T12:04:24.149569Z","level":"info","event":"Filling up the DagBag from /opt/airflow/dags/dag_orchestration_2.py","logger":"airflow.dag_processing.dagbag.BundleDagBag","filename":"dagbag.py","lineno":460}
{"timestamp":"2026-08-08T12:04:54.451714Z","level":"info","event":"Filling up the DagBag from /opt/airflow/dags/dag_orchestration_2.py","logger":"airflow.dag_processing.dagbag.BundleDagBag","filename":"dagbag.py","lineno":460}
{"timestamp":"2026-08-08T12:05:24.818197Z","level":"info","event":"Filling up the DagBag from /opt/airflow/dags/dag_orchestration_2.py","logger":"airflow.dag_processing.dagbag.BundleDagBag","filename":"dagbag.py","lineno":460}
{"timestamp":"2026-08-08T12:05:55.975937Z","level":"info","event":"Filling up the DagBag from /opt/airflow/dags/dag_orchestration_2.py","logger":"airflow.dag_processing.dagbag.BundleDagBag","filename":"dagbag.py","lineno":460}
{"timestamp":"2026-08-08T12:06:26.797369Z","level":"info","event":"Filling up the DagBag from /opt/airflow/dags/dag_orchestration_2.py","logger":"airflow.dag_processing.dagbag.BundleDagBag","filename":"dagbag.py","lineno":460}
{"timestamp":"2026-08-08T12:06:57.000370Z","level":"info","event":"Filling up the DagBag from /opt/airflow/dags/dag_orchestration_2.py","logger":"airflow.dag_processing.dagbag.BundleDagBag","filename":"dagbag.py","lineno":460}
{"timestamp":"2026-08-08T12:07:27.605971Z","level":"info","event":"Filling up the DagBag from /opt/airflow/dags/dag_orchestration_2.py","logger":"airflow.dag_processing.dagbag.BundleDagBag","filename":"dagbag.py","lineno":460}
{"timestamp":"2026-08-08T12:07:57.896574Z","level":"info","event":"Filling up the DagBag from /opt/airflow/dags/dag_orchestration_2.py","logger":"airflow.dag_processing.dagbag.BundleDagBag","filename":"dagbag.py","lineno":460}
{"timestamp":"2026-08-08T12:08:28.340706Z","level":"info","event":"Filling up the DagBag from /opt/airflow/dags/dag_orchestration_2.py","logger":"airflow.dag_processing.dagbag.BundleDagBag","filename":"dagbag.py","lineno":460}
{"timestamp":"2026-08-08T12:08:58.572950Z","level":"info","event":"Filling up the DagBag from /opt/airflow/dags/dag_orchestration_2.py","logger":"airflow.dag_processing.dagbag.BundleDagBag","filename":"dagbag.py","lineno":460}
{"timestamp":"2026-08-08T12:09:29.059269Z","level":"info","event":"Filling up the DagBag from /opt/airflow/dags/dag_orchestration_2.py","logger":"airflow.dag_processing.dagbag.BundleDagBag","filename":"dagbag.py","lineno":460}
{"timestamp":"2026-08-08T12:09:59.447627Z","level":"info","event":"Filling up the DagBag from /opt/airflow/dags/dag_orchestration_2.py","logger":"airflow.dag_processing.dagbag.BundleDagBag","filename":"dagbag.py","lineno":460}
{"timestamp":"2026-08-08T12:10:29.632406Z","level":"info","event":"Filling up the DagBag from /opt/airflow/dags/dag_orchestration_2.py","logger":"airflow.dag_processing.dagbag.BundleDagBag","filename":"dagbag.py","lineno":460}
{"timestamp":"2026-08-08T12:11:00.529298Z","level":"info","event":"Filling up the DagBag from /opt/airflow/dags/dag_orchestration_2.py","logger":"airflow.dag_processing.dagbag.BundleDagBag","filename":"dagbag.py","lineno":460}
{"timestamp":"2026-08-08T12:11:30.779209Z","level":"info","event":"Filling up the DagBag from /opt/airflow/dags/dag_orchestration_2.py","logger":"airflow.dag_processing.dagbag.BundleDagBag","filename":"dagbag.py","lineno":460}
{"timestamp":"2026-08-08T12:12:01.635529Z","level":"info","event":"Filling up the DagBag from /opt/airflow/dags/dag_orchestration_2.py","logger":"airflow.dag_processing.dagbag.BundleDagBag","filename":"dagbag.py","lineno":460}
{"timestamp":"2026-08-08T12:12:32.274796Z","level":"info","event":"Filling up the DagBag from /opt/airflow/dags/dag_orchestration_2.py","logger":"airflow.dag_processing.dagbag.BundleDagBag","filename":"dagbag.py","lineno":460}
{"timestamp":"2026-08-08T12:13:02.825036Z","level":"info","event":"Filling up the DagBag from /opt/airflow/dags/dag_orchestration_2.py","logger":"airflow.dag_processing.dagbag.BundleDagBag","filename":"dagbag.py","lineno":460}
{"timestamp":"2026-08-08T12:13:33.931931Z","level":"info","event":"Filling up the DagBag from /opt/airflow/dags/dag_orchestration_2.py","logger":"airflow.dag_processing.dagbag.BundleDagBag","filename":"dagbag.py","lineno":460}
{"timestamp":"2026-08-08T12:14:04.269811Z","level":"info","event":"Filling up the DagBag from /opt/airflow/dags/dag_orchestration_2.py","logger":"airflow.dag_processing.dagbag.BundleDagBag","filename":"dagbag.py","lineno":460}
{"timestamp":"2026-08-08T12:14:34.824574Z","level":"info","event":"Filling up the DagBag from /opt/airflow/dags/dag_orchestration_2.py","logger":"airflow.dag_processing.dagbag.BundleDagBag","filename":"dagbag.py","lineno":460}
{"timestamp":"2026-08-08T12:15:05.337487Z","level":"info","event":"Filling up the DagBag from /opt/airflow/dags/dag_orchestration_2.py","logger":"airflow.dag_processing.dagbag.BundleDagBag","filename":"dagbag.py","lineno":460}
{"timestamp":"2026-08-08T12:15:35.909912Z","level":"info","event":"Filling up the DagBag from /opt/airflow/dags/dag_orchestration_2.py","logger":"airflow.dag_processing.dagbag.BundleDagBag","filename":"dagbag.py","lineno":460}
{"timestamp":"2026-08-08T12:16:06.689065Z","level":"info","event":"Filling up the DagBag from /opt/airflow/dags/dag_orchestration_2.py","logger":"airflow.dag_processing.dagbag.BundleDagBag","filename":"dagbag.py","lineno":460}
{"timestamp":"2026-08-08T12:16:36.951602Z","level":"info","event":"Filling up the DagBag from /opt/airflow/dags/dag_orchestration_2.py","logger":"airflow.dag_processing.dagbag.BundleDagBag","filename":"dagbag.py","lineno":460}
{"timestamp":"2026-08-08T12:17:07.391705Z","level":"info","event":"Filling up the DagBag from /opt/airflow/dags/dag_orchestration_2.py","logger":"airflow.dag_processing.dagbag.BundleDagBag","filename":"dagbag.py","lineno":460}
{"timestamp":"2026-08-08T12:17:38.208683Z","level":"info","event":"Filling up the DagBag from /opt/airflow/dags/dag_orchestration_2.py","logger":"airflow.dag_processing.dagbag.BundleDagBag","filename":"dagbag.py","lineno":460}
{"timestamp":"2026-08-08T12:18:08.621442Z","level":"info","event":"Filling up the DagBag from /opt/airflow/dags/dag_orchestration_2.py","logger":"airflow.dag_processing.dagbag.BundleDagBag","filename":"dagbag.py","lineno":460}
{"timestamp":"2026-08-08T12:18:39.072711Z","level":"info","event":"Filling up the DagBag from /opt/airflow/dags/dag_orchestration_2.py","logger":"airflow.dag_processing.dagbag.BundleDagBag","filename":"dagbag.py","lineno":460}
{"timestamp":"2026-08-08T12:19:09.641941Z","level":"info","event":"Filling up the DagBag from /opt/airflow/dags/dag_orchestration_2.py","logger":"airflow.dag_processing.dagbag.BundleDagBag","filename":"dagbag.py","lineno":460}
{"timestamp":"2026-08-08T12:19:40.252914Z","level":"info","event":"Filling up the DagBag from /opt/airflow/dags/dag_orchestration_2.py","logger":"airflow.dag_processing.dagbag.BundleDagBag","filename":"dagbag.py","lineno":460}
{"timestamp":"2026-08-08T12:20:11.110857Z","level":"info","event":"Filling up the DagBag from /opt/airflow/dags/dag_orchestration_2.py","logger":"airflow.dag_processing.dagbag.BundleDagBag","filename":"dagbag.py","lineno":460}
{"timestamp":"2026-08-08T12:20:41.669978Z","level":"info","event":"Filling up the DagBag from /opt/airflow/dags/dag_orchestration_2.py","logger":"airflow.dag_processing.dagbag.BundleDagBag","filename":"dagbag.py","lineno":460}
{"timestamp":"2026-08-08T12:21:12.789669Z","level":"info","event":"Filling up the DagBag from /opt/airflow/dags/dag_orchestration_2.py","logger":"airflow.dag_processing.dagbag.BundleDagBag","filename":"dagbag.py","lineno":460}
{"timestamp":"2026-08-08T12:21:43.644942Z","level":"info","event":"Filling up the DagBag from /opt/airflow/dags/dag_orchestration_2.py","logger":"airflow.dag_processing.dagbag.BundleDagBag","filename":"dagbag.py","lineno":460}
{"timestamp":"2026-08-08T12:22:14.500706Z","level":"info","event":"Filling up the DagBag from /opt/airflow/dags/dag_orchestration_2.py","logger":"airflow.dag_processing.dagbag.BundleDagBag","filename":"dagbag.py","lineno":460}
{"timestamp":"2026-08-08T12:22:46.065146Z","level":"info","event":"Filling up the DagBag from /opt/airflow/dags/dag_orchestration_2.py","logger":"airflow.dag_processing.dagbag.BundleDagBag","filename":"dagbag.py","lineno":460}
{"timestamp":"2026-08-08T12:23:16.671810Z","level":"info","event":"Filling up the DagBag from /opt/airflow/dags/dag_orchestration_2.py","logger":"airflow.dag_processing.dagbag.BundleDagBag","filename":"dagbag.py","lineno":460}
{"timestamp":"2026-08-08T12:23:47.958884Z","level":"info","event":"Filling up the DagBag from /opt/airflow/dags/dag_orchestration_2.py","logger":"airflow.dag_processing.dagbag.BundleDagBag","filename":"dagbag.py","lineno":460}
{"timestamp":"2026-08-08T12:24:19.216786Z","level":"info","event":"Filling up the DagBag from /opt/airflow/dags/dag_orchestration_2.py","logger":"airflow.dag_processing.dagbag.BundleDagBag","filename":"dagbag.py","lineno":460}
{"timestamp":"2026-08-08T12:24:50.289908Z","level":"info","event":"Filling up the DagBag from /opt/airflow/dags/dag_orchestration_2.py","logger":"airflow.dag_processing.dagbag.BundleDagBag","filename":"dagbag.py","lineno":460}
{"timestamp":"2026-08-08T12:25:21.115096Z","level":"info","event":"Filling up the DagBag from /opt/airflow/dags/dag_orchestration_2.py","logger":"airflow.dag_processing.dagbag.BundleDagBag","filename":"dagbag.py","lineno":460}
{"timestamp":"2026-08-08T12:25:23.406884Z","level":"info","event":"Filling up the DagBag from /opt/airflow/dags/dag_orchestration_2.py","logger":"airflow.dag_processing.dagbag.BundleDagBag","filename":"dagbag.py","lineno":460}
{"timestamp":"2026-08-08T12:25:23.433270Z","level":"error","event":"Failed to import: /opt/airflow/dags/dag_orchestration_2.py","logger":"airflow.dag_processing.importers.python_importer","filename":"python_importer.py","lineno":244,"error_detail":[{"exc_type":"IndentationError","exc_value":"unindent does not match any outer indentation level (dag_orchestration_2.py, line 13)","exc_notes":[],"syntax_error":{"offset":65,"filename":"/opt/airflow/dags/dag_orchestration_2.py","line":"            f.write(\"This is the first orchestration task 1.\\n\")\n","lineno":13,"msg":"unindent does not match any outer indentation level"},"is_cause":false,"frames":[{"filename":"/home/airflow/.local/lib/python3.13/site-packages/airflow/dag_processing/importers/python_importer.py","lineno":238,"name":"parse"},{"filename":"<frozen importlib._bootstrap_external>","lineno":1019,"name":"exec_module"},{"filename":"<frozen importlib._bootstrap_external>","lineno":1157,"name":"get_code"},{"filename":"<frozen importlib._bootstrap_external>","lineno":1087,"name":"source_to_code"},{"filename":"<frozen importlib._bootstrap>","lineno":488,"name":"_call_with_frames_removed"}],"is_group":false,"exceptions":[]}]}
{"timestamp":"2026-08-08T12:25:23.435977Z","level":"error","event":"Error loading DAG from dag_orchestration_2.py: unindent does not match any outer indentation level (dag_orchestration_2.py, line 13)","logger":"airflow.dag_processing.dagbag.BundleDagBag","filename":"dagbag.py","lineno":319}
{"timestamp":"2026-08-08T12:25:26.385847Z","level":"info","event":"Filling up the DagBag from /opt/airflow/dags/dag_orchestration_2.py","logger":"airflow.dag_processing.dagbag.BundleDagBag","filename":"dagbag.py","lineno":460}
{"timestamp":"2026-08-08T12:25:32.730392Z","level":"info","event":"Filling up the DagBag from /opt/airflow/dags/dag_orchestration_2.py","logger":"airflow.dag_processing.dagbag.BundleDagBag","filename":"dagbag.py","lineno":460}
{"timestamp":"2026-08-08T12:25:40.174749Z","level":"info","event":"Filling up the DagBag from /opt/airflow/dags/dag_orchestration_2.py","logger":"airflow.dag_processing.dagbag.BundleDagBag","filename":"dagbag.py","lineno":460}
{"timestamp":"2026-08-08T12:25:43.466071Z","level":"info","event":"Filling up the DagBag from /opt/airflow/dags/dag_orchestration_2.py","logger":"airflow.dag_processing.dagbag.BundleDagBag","filename":"dagbag.py","lineno":460}
{"timestamp":"2026-08-08T12:26:13.950330Z","level":"info","event":"Filling up the DagBag from /opt/airflow/dags/dag_orchestration_2.py","logger":"airflow.dag_processing.dagbag.BundleDagBag","filename":"dagbag.py","lineno":460}
{"timestamp":"2026-08-08T12:26:45.167489Z","level":"info","event":"Filling up the DagBag from /opt/airflow/dags/dag_orchestration_2.py","logger":"airflow.dag_processing.dagbag.BundleDagBag","filename":"dagbag.py","lineno":460}
{"timestamp":"2026-08-08T12:27:15.453583Z","level":"info","event":"Filling up the DagBag from /opt/airflow/dags/dag_orchestration_2.py","logger":"airflow.dag_processing.dagbag.BundleDagBag","filename":"dagbag.py","lineno":460}
{"timestamp":"2026-08-08T12:27:45.713347Z","level":"info","event":"Filling up the DagBag from /opt/airflow/dags/dag_orchestration_2.py","logger":"airflow.dag_processing.dagbag.BundleDagBag","filename":"dagbag.py","lineno":460}
{"timestamp":"2026-08-08T12:28:16.053090Z","level":"info","event":"Filling up the DagBag from /opt/airflow/dags/dag_orchestration_2.py","logger":"airflow.dag_processing.dagbag.BundleDagBag","filename":"dagbag.py","lineno":460}
{"timestamp":"2026-08-08T12:28:46.438404Z","level":"info","event":"Filling up the DagBag from /opt/airflow/dags/dag_orchestration_2.py","logger":"airflow.dag_processing.dagbag.BundleDagBag","filename":"dagbag.py","lineno":460}
{"timestamp":"2026-08-08T12:29:16.743975Z","level":"info","event":"Filling up the DagBag from /opt/airflow/dags/dag_orchestration_2.py","logger":"airflow.dag_processing.dagbag.BundleDagBag","filename":"dagbag.py","lineno":460}
{"timestamp":"2026-08-08T12:29:47.025890Z","level":"info","event":"Filling up the DagBag from /opt/airflow/dags/dag_orchestration_2.py","logger":"airflow.dag_processing.dagbag.BundleDagBag","filename":"dagbag.py","lineno":460}
{"timestamp":"2026-08-08T12:30:17.308159Z","level":"info","event":"Filling up the DagBag from /opt/airflow/dags/dag_orchestration_2.py","logger":"airflow.dag_processing.dagbag.BundleDagBag","filename":"dagbag.py","lineno":460}
{"timestamp":"2026-08-08T12:30:47.545772Z","level":"info","event":"Filling up the DagBag from /opt/airflow/dags/dag_orchestration_2.py","logger":"airflow.dag_processing.dagbag.BundleDagBag","filename":"dagbag.py","lineno":460}
{"timestamp":"2026-08-08T12:31:18.794824Z","level":"info","event":"Filling up the DagBag from /opt/airflow/dags/dag_orchestration_2.py","logger":"airflow.dag_processing.dagbag.BundleDagBag","filename":"dagbag.py","lineno":460}
{"timestamp":"2026-08-08T12:31:49.506769Z","level":"info","event":"Filling up the DagBag from /opt/airflow/dags/dag_orchestration_2.py","logger":"airflow.dag_processing.dagbag.BundleDagBag","filename":"dagbag.py","lineno":460}
{"timestamp":"2026-08-08T12:32:19.722191Z","level":"info","event":"Filling up the DagBag from /opt/airflow/dags/dag_orchestration_2.py","logger":"airflow.dag_processing.dagbag.BundleDagBag","filename":"dagbag.py","lineno":460}
{"timestamp":"2026-08-08T12:32:49.998462Z","level":"info","event":"Filling up the DagBag from /opt/airflow/dags/dag_orchestration_2.py","logger":"airflow.dag_processing.dagbag.BundleDagBag","filename":"dagbag.py","lineno":460}
{"timestamp":"2026-08-08T12:33:20.424954Z","level":"info","event":"Filling up the DagBag from /opt/airflow/dags/dag_orchestration_2.py","logger":"airflow.dag_processing.dagbag.BundleDagBag","filename":"dagbag.py","lineno":460}
{"timestamp":"2026-08-08T12:33:50.697793Z","level":"info","event":"Filling up the DagBag from /opt/airflow/dags/dag_orchestration_2.py","logger":"airflow.dag_processing.dagbag.BundleDagBag","filename":"dagbag.py","lineno":460}
{"timestamp":"2026-08-08T12:34:21.372322Z","level":"info","event":"Filling up the DagBag from /opt/airflow/dags/dag_orchestration_2.py","logger":"airflow.dag_processing.dagbag.BundleDagBag","filename":"dagbag.py","lineno":460}
{"timestamp":"2026-08-08T12:34:52.051184Z","level":"info","event":"Filling up the DagBag from /opt/airflow/dags/dag_orchestration_2.py","logger":"airflow.dag_processing.dagbag.BundleDagBag","filename":"dagbag.py","lineno":460}
{"timestamp":"2026-08-08T12:35:23.032829Z","level":"info","event":"Filling up the DagBag from /opt/airflow/dags/dag_orchestration_2.py","logger":"airflow.dag_processing.dagbag.BundleDagBag","filename":"dagbag.py","lineno":460}
{"timestamp":"2026-08-08T12:35:54.002709Z","level":"info","event":"Filling up the DagBag from /opt/airflow/dags/dag_orchestration_2.py","logger":"airflow.dag_processing.dagbag.BundleDagBag","filename":"dagbag.py","lineno":460}
{"timestamp":"2026-08-08T12:36:25.061950Z","level":"info","event":"Filling up the DagBag from /opt/airflow/dags/dag_orchestration_2.py","logger":"airflow.dag_processing.dagbag.BundleDagBag","filename":"dagbag.py","lineno":460}
{"timestamp":"2026-08-08T12:36:55.937895Z","level":"info","event":"Filling up the DagBag from /opt/airflow/dags/dag_orchestration_2.py","logger":"airflow.dag_processing.dagbag.BundleDagBag","filename":"dagbag.py","lineno":460}
{"timestamp":"2026-08-08T12:37:26.947749Z","level":"info","event":"Filling up the DagBag from /opt/airflow/dags/dag_orchestration_2.py","logger":"airflow.dag_processing.dagbag.BundleDagBag","filename":"dagbag.py","lineno":460}
{"timestamp":"2026-08-08T12:37:57.345817Z","level":"info","event":"Filling up the DagBag from /opt/airflow/dags/dag_orchestration_2.py","logger":"airflow.dag_processing.dagbag.BundleDagBag","filename":"dagbag.py","lineno":460}
{"timestamp":"2026-08-08T12:38:27.801462Z","level":"info","event":"Filling up the DagBag from /opt/airflow/dags/dag_orchestration_2.py","logger":"airflow.dag_processing.dagbag.BundleDagBag","filename":"dagbag.py","lineno":460}
{"timestamp":"2026-08-08T12:38:58.809373Z","level":"info","event":"Filling up the DagBag from /opt/airflow/dags/dag_orchestration_2.py","logger":"airflow.dag_processing.dagbag.BundleDagBag","filename":"dagbag.py","lineno":460}
{"timestamp":"2026-08-08T12:39:29.713634Z","level":"info","event":"Filling up the DagBag from /opt/airflow/dags/dag_orchestration_2.py","logger":"airflow.dag_processing.dagbag.BundleDagBag","filename":"dagbag.py","lineno":460}
{"timestamp":"2026-08-08T12:40:00.546909Z","level":"info","event":"Filling up the DagBag from /opt/airflow/dags/dag_orchestration_2.py","logger":"airflow.dag_processing.dagbag.BundleDagBag","filename":"dagbag.py","lineno":460}
{"timestamp":"2026-08-08T12:40:30.761184Z","level":"info","event":"Filling up the DagBag from /opt/airflow/dags/dag_orchestration_2.py","logger":"airflow.dag_processing.dagbag.BundleDagBag","filename":"dagbag.py","lineno":460}
{"timestamp":"2026-08-08T12:41:01.328179Z","level":"info","event":"Filling up the DagBag from /opt/airflow/dags/dag_orchestration_2.py","logger":"airflow.dag_processing.dagbag.BundleDagBag","filename":"dagbag.py","lineno":460}
{"timestamp":"2026-08-08T12:41:31.848411Z","level":"info","event":"Filling up the DagBag from /opt/airflow/dags/dag_orchestration_2.py","logger":"airflow.dag_processing.dagbag.BundleDagBag","filename":"dagbag.py","lineno":460}
{"timestamp":"2026-08-08T12:42:02.523405Z","level":"info","event":"Filling up the DagBag from /opt/airflow/dags/dag_orchestration_2.py","logger":"airflow.dag_processing.dagbag.BundleDagBag","filename":"dagbag.py","lineno":460}
{"timestamp":"2026-08-08T12:42:32.803324Z","level":"info","event":"Filling up the DagBag from /opt/airflow/dags/dag_orchestration_2.py","logger":"airflow.dag_processing.dagbag.BundleDagBag","filename":"dagbag.py","lineno":460}
{"timestamp":"2026-08-08T12:43:03.707942Z","level":"info","event":"Filling up the DagBag from /opt/airflow/dags/dag_orchestration_2.py","logger":"airflow.dag_processing.dagbag.BundleDagBag","filename":"dagbag.py","lineno":460}
{"timestamp":"2026-08-08T12:43:34.512984Z","level":"info","event":"Filling up the DagBag from /opt/airflow/dags/dag_orchestration_2.py","logger":"airflow.dag_processing.dagbag.BundleDagBag","filename":"dagbag.py","lineno":460}
{"timestamp":"2026-08-08T12:44:05.533029Z","level":"info","event":"Filling up the DagBag from /opt/airflow/dags/dag_orchestration_2.py","logger":"airflow.dag_processing.dagbag.BundleDagBag","filename":"dagbag.py","lineno":460}
{"timestamp":"2026-08-08T12:44:35.783778Z","level":"info","event":"Filling up the DagBag from /opt/airflow/dags/dag_orchestration_2.py","logger":"airflow.dag_processing.dagbag.BundleDagBag","filename":"dagbag.py","lineno":460}
{"timestamp":"2026-08-08T12:45:06.040388Z","level":"info","event":"Filling up the DagBag from /opt/airflow/dags/dag_orchestration_2.py","logger":"airflow.dag_processing.dagbag.BundleDagBag","filename":"dagbag.py","lineno":460}
{"timestamp":"2026-08-08T12:45:36.468647Z","level":"info","event":"Filling up the DagBag from /opt/airflow/dags/dag_orchestration_2.py","logger":"airflow.dag_processing.dagbag.BundleDagBag","filename":"dagbag.py","lineno":460}
{"timestamp":"2026-08-08T12:46:07.481025Z","level":"info","event":"Filling up the DagBag from /opt/airflow/dags/dag_orchestration_2.py","logger":"airflow.dag_processing.dagbag.BundleDagBag","filename":"dagbag.py","lineno":460}
{"timestamp":"2026-08-08T12:46:38.440203Z","level":"info","event":"Filling up the DagBag from /opt/airflow/dags/dag_orchestration_2.py","logger":"airflow.dag_processing.dagbag.BundleDagBag","filename":"dagbag.py","lineno":460}
{"timestamp":"2026-08-08T12:47:09.181845Z","level":"info","event":"Filling up the DagBag from /opt/airflow/dags/dag_orchestration_2.py","logger":"airflow.dag_processing.dagbag.BundleDagBag","filename":"dagbag.py","lineno":460}
{"timestamp":"2026-08-08T12:47:40.259859Z","level":"info","event":"Filling up the DagBag from /opt/airflow/dags/dag_orchestration_2.py","logger":"airflow.dag_processing.dagbag.BundleDagBag","filename":"dagbag.py","lineno":460}
{"timestamp":"2026-08-08T12:48:10.892546Z","level":"info","event":"Filling up the DagBag from /opt/airflow/dags/dag_orchestration_2.py","logger":"airflow.dag_processing.dagbag.BundleDagBag","filename":"dagbag.py","lineno":460}
{"timestamp":"2026-08-08T12:48:41.519434Z","level":"info","event":"Filling up the DagBag from /opt/airflow/dags/dag_orchestration_2.py","logger":"airflow.dag_processing.dagbag.BundleDagBag","filename":"dagbag.py","lineno":460}
{"timestamp":"2026-08-08T12:49:11.937917Z","level":"info","event":"Filling up the DagBag from /opt/airflow/dags/dag_orchestration_2.py","logger":"airflow.dag_processing.dagbag.BundleDagBag","filename":"dagbag.py","lineno":460}
{"timestamp":"2026-08-08T12:49:42.267559Z","level":"info","event":"Filling up the DagBag from /opt/airflow/dags/dag_orchestration_2.py","logger":"airflow.dag_processing.dagbag.BundleDagBag","filename":"dagbag.py","lineno":460}
{"timestamp":"2026-08-08T12:50:13.089134Z","level":"info","event":"Filling up the DagBag from /opt/airflow/dags/dag_orchestration_2.py","logger":"airflow.dag_processing.dagbag.BundleDagBag","filename":"dagbag.py","lineno":460}
{"timestamp":"2026-08-08T12:50:43.534694Z","level":"info","event":"Filling up the DagBag from /opt/airflow/dags/dag_orchestration_2.py","logger":"airflow.dag_processing.dagbag.BundleDagBag","filename":"dagbag.py","lineno":460}
{"timestamp":"2026-08-08T12:51:14.103789Z","level":"info","event":"Filling up the DagBag from /opt/airflow/dags/dag_orchestration_2.py","logger":"airflow.dag_processing.dagbag.BundleDagBag","filename":"dagbag.py","lineno":460}
{"timestamp":"2026-08-08T12:51:44.720731Z","level":"info","event":"Filling up the DagBag from /opt/airflow/dags/dag_orchestration_2.py","logger":"airflow.dag_processing.dagbag.BundleDagBag","filename":"dagbag.py","lineno":460}
{"timestamp":"2026-08-08T12:52:16.202178Z","level":"info","event":"Filling up the DagBag from /opt/airflow/dags/dag_orchestration_2.py","logger":"airflow.dag_processing.dagbag.BundleDagBag","filename":"dagbag.py","lineno":460}
{"timestamp":"2026-08-08T12:52:46.501608Z","level":"info","event":"Filling up the DagBag from /opt/airflow/dags/dag_orchestration_2.py","logger":"airflow.dag_processing.dagbag.BundleDagBag","filename":"dagbag.py","lineno":460}
{"timestamp":"2026-08-08T12:53:16.927290Z","level":"info","event":"Filling up the DagBag from /opt/airflow/dags/dag_orchestration_2.py","logger":"airflow.dag_processing.dagbag.BundleDagBag","filename":"dagbag.py","lineno":460}
{"timestamp":"2026-08-08T12:53:47.676960Z","level":"info","event":"Filling up the DagBag from /opt/airflow/dags/dag_orchestration_2.py","logger":"airflow.dag_processing.dagbag.BundleDagBag","filename":"dagbag.py","lineno":460}
{"timestamp":"2026-08-08T12:54:18.805214Z","level":"info","event":"Filling up the DagBag from /opt/airflow/dags/dag_orchestration_2.py","logger":"airflow.dag_processing.dagbag.BundleDagBag","filename":"dagbag.py","lineno":460}
{"timestamp":"2026-08-08T12:54:49.850029Z","level":"info","event":"Filling up the DagBag from /opt/airflow/dags/dag_orchestration_2.py","logger":"airflow.dag_processing.dagbag.BundleDagBag","filename":"dagbag.py","lineno":460}
{"timestamp":"2026-08-08T12:55:21.031491Z","level":"info","event":"Filling up the DagBag from /opt/airflow/dags/dag_orchestration_2.py","logger":"airflow.dag_processing.dagbag.BundleDagBag","filename":"dagbag.py","lineno":460}
{"timestamp":"2026-08-08T12:55:51.817574Z","level":"info","event":"Filling up the DagBag from /opt/airflow/dags/dag_orchestration_2.py","logger":"airflow.dag_processing.dagbag.BundleDagBag","filename":"dagbag.py","lineno":460}
{"timestamp":"2026-08-08T12:56:22.635039Z","level":"info","event":"Filling up the DagBag from /opt/airflow/dags/dag_orchestration_2.py","logger":"airflow.dag_processing.dagbag.BundleDagBag","filename":"dagbag.py","lineno":460}
{"timestamp":"2026-08-08T12:56:54.130454Z","level":"info","event":"Filling up the DagBag from /opt/airflow/dags/dag_orchestration_2.py","logger":"airflow.dag_processing.dagbag.BundleDagBag","filename":"dagbag.py","lineno":460}
{"timestamp":"2026-08-08T12:57:25.129895Z","level":"info","event":"Filling up the DagBag from /opt/airflow/dags/dag_orchestration_2.py","logger":"airflow.dag_processing.dagbag.BundleDagBag","filename":"dagbag.py","lineno":460}
{"timestamp":"2026-08-08T12:57:55.837648Z","level":"info","event":"Filling up the DagBag from /opt/airflow/dags/dag_orchestration_2.py","logger":"airflow.dag_processing.dagbag.BundleDagBag","filename":"dagbag.py","lineno":460}
{"timestamp":"2026-08-08T12:58:27.099525Z","level":"info","event":"Filling up the DagBag from /opt/airflow/dags/dag_orchestration_2.py","logger":"airflow.dag_processing.dagbag.BundleDagBag","filename":"dagbag.py","lineno":460}
{"timestamp":"2026-08-08T12:58:58.468242Z","level":"info","event":"Filling up the DagBag from /opt/airflow/dags/dag_orchestration_2.py","logger":"airflow.dag_processing.dagbag.BundleDagBag","filename":"dagbag.py","lineno":460}
{"timestamp":"2026-08-08T12:59:29.259335Z","level":"info","event":"Filling up the DagBag from /opt/airflow/dags/dag_orchestration_2.py","logger":"airflow.dag_processing.dagbag.BundleDagBag","filename":"dagbag.py","lineno":460}
{"timestamp":"2026-08-08T13:00:00.121985Z","level":"info","event":"Filling up the DagBag from /opt/airflow/dags/dag_orchestration_2.py","logger":"airflow.dag_processing.dagbag.BundleDagBag","filename":"dagbag.py","lineno":460}
{"timestamp":"2026-08-08T13:00:31.199151Z","level":"info","event":"Filling up the DagBag from /opt/airflow/dags/dag_orchestration_2.py","logger":"airflow.dag_processing.dagbag.BundleDagBag","filename":"dagbag.py","lineno":460}
{"timestamp":"2026-08-08T13:01:02.007627Z","level":"info","event":"Filling up the DagBag from /opt/airflow/dags/dag_orchestration_2.py","logger":"airflow.dag_processing.dagbag.BundleDagBag","filename":"dagbag.py","lineno":460}
{"timestamp":"2026-08-08T13:01:33.176451Z","level":"info","event":"Filling up the DagBag from /opt/airflow/dags/dag_orchestration_2.py","logger":"airflow.dag_processing.dagbag.BundleDagBag","filename":"dagbag.py","lineno":460}
{"timestamp":"2026-08-08T13:02:04.327102Z","level":"info","event":"Filling up the DagBag from /opt/airflow/dags/dag_orchestration_2.py","logger":"airflow.dag_processing.dagbag.BundleDagBag","filename":"dagbag.py","lineno":460}
{"timestamp":"2026-08-08T13:02:35.651589Z","level":"info","event":"Filling up the DagBag from /opt/airflow/dags/dag_orchestration_2.py","logger":"airflow.dag_processing.dagbag.BundleDagBag","filename":"dagbag.py","lineno":460}
{"timestamp":"2026-08-08T13:03:06.107612Z","level":"info","event":"Filling up the DagBag from /opt/airflow/dags/dag_orchestration_2.py","logger":"airflow.dag_processing.dagbag.BundleDagBag","filename":"dagbag.py","lineno":460}
{"timestamp":"2026-08-08T13:03:37.601194Z","level":"info","event":"Filling up the DagBag from /opt/airflow/dags/dag_orchestration_2.py","logger":"airflow.dag_processing.dagbag.BundleDagBag","filename":"dagbag.py","lineno":460}
{"timestamp":"2026-08-08T13:04:08.046340Z","level":"info","event":"Filling up the DagBag from /opt/airflow/dags/dag_orchestration_2.py","logger":"airflow.dag_processing.dagbag.BundleDagBag","filename":"dagbag.py","lineno":460}
{"timestamp":"2026-08-08T13:04:39.010809Z","level":"info","event":"Filling up the DagBag from /opt/airflow/dags/dag_orchestration_2.py","logger":"airflow.dag_processing.dagbag.BundleDagBag","filename":"dagbag.py","lineno":460}
{"timestamp":"2026-08-08T13:05:10.223389Z","level":"info","event":"Filling up the DagBag from /opt/airflow/dags/dag_orchestration_2.py","logger":"airflow.dag_processing.dagbag.BundleDagBag","filename":"dagbag.py","lineno":460}
{"timestamp":"2026-08-08T13:05:41.386913Z","level":"info","event":"Filling up the DagBag from /opt/airflow/dags/dag_orchestration_2.py","logger":"airflow.dag_processing.dagbag.BundleDagBag","filename":"dagbag.py","lineno":460}
{"timestamp":"2026-08-08T13:06:12.482470Z","level":"info","event":"Filling up the DagBag from /opt/airflow/dags/dag_orchestration_2.py","logger":"airflow.dag_processing.dagbag.BundleDagBag","filename":"dagbag.py","lineno":460}
{"timestamp":"2026-08-08T13:06:43.133892Z","level":"info","event":"Filling up the DagBag from /opt/airflow/dags/dag_orchestration_2.py","logger":"airflow.dag_processing.dagbag.BundleDagBag","filename":"dagbag.py","lineno":460}
{"timestamp":"2026-08-08T13:07:14.046521Z","level":"info","event":"Filling up the DagBag from /opt/airflow/dags/dag_orchestration_2.py","logger":"airflow.dag_processing.dagbag.BundleDagBag","filename":"dagbag.py","lineno":460}
{"timestamp":"2026-08-08T13:07:45.209831Z","level":"info","event":"Filling up the DagBag from /opt/airflow/dags/dag_orchestration_2.py","logger":"airflow.dag_processing.dagbag.BundleDagBag","filename":"dagbag.py","lineno":460}
{"timestamp":"2026-08-08T13:08:16.322161Z","level":"info","event":"Filling up the DagBag from /opt/airflow/dags/dag_orchestration_2.py","logger":"airflow.dag_processing.dagbag.BundleDagBag","filename":"dagbag.py","lineno":460}
{"timestamp":"2026-08-08T13:08:46.838648Z","level":"info","event":"Filling up the DagBag from /opt/airflow/dags/dag_orchestration_2.py","logger":"airflow.dag_processing.dagbag.BundleDagBag","filename":"dagbag.py","lineno":460}
{"timestamp":"2026-08-08T13:09:17.803757Z","level":"info","event":"Filling up the DagBag from /opt/airflow/dags/dag_orchestration_2.py","logger":"airflow.dag_processing.dagbag.BundleDagBag","filename":"dagbag.py","lineno":460}
{"timestamp":"2026-08-08T13:09:49.084246Z","level":"info","event":"Filling up the DagBag from /opt/airflow/dags/dag_orchestration_2.py","logger":"airflow.dag_processing.dagbag.BundleDagBag","filename":"dagbag.py","lineno":460}
{"timestamp":"2026-08-08T13:10:19.493031Z","level":"info","event":"Filling up the DagBag from /opt/airflow/dags/dag_orchestration_2.py","logger":"airflow.dag_processing.dagbag.BundleDagBag","filename":"dagbag.py","lineno":460}
